Translation log
Final score: 0.893
Iterations:  0

============================================================
Entity: suppressPackageStartupMessages
  Name:  suppressPackageStartupMessages
  Kind:  FunctionCall
  Score: 1.000
  executed_ok:       True

  R:
    suppressPackageStartupMessages(library(bit))

============================================================
Entity: import_bit
  Name:  bit
  Kind:  LibraryImport
  Score: 1.000
  type_match:          1.000
  control_flow_match:  1.000
  executed_ok:       True

  R:
    suppressPackageStartupMessages(library(bit))

============================================================
Entity: bit_unique
  Name:  bit_unique
  Kind:  FunctionCall
  Score: 0.767
  side_effects:        0.767
  executed_ok:       True

  R:
    bit_unique(c(2L, 1L, NA, NA, 1L, 2L))
  Python:
    def bit_unique(x, na_rm=None, range_na=None):
        # R's bit_unique is a fast implementation of unique() for integers
        # na.rm = NA (None) -> NA is treated as a value (kept)
        # na.rm = TRUE -> NAs are removed
        # na.rm = FALSE -> NA is treated as a value, but specific to bit_unique logic
        
        # Convert to numpy array for handling
        arr = np.array(x)
        
        if na_rm is True:
            # Remove NAs first, then get unique values
            mask = ~pd.isna(arr)
            return np.unique(arr[mask])
        
        # R's unique(..., incomparables=FALSE) treats NA as a value
        # np.unique handles np.nan correctly (keeps one)
        return np.unique(arr)
    print(bit_unique(data))

============================================================
Entity: bit_unique_1
  Name:  bit_unique
  Kind:  FunctionCall
  Score: 0.722
  side_effects:        0.722
  executed_ok:       True

  R:
    bit_unique(c(2L, 1L, NA, NA, 1L, 2L), na.rm=FALSE)
  Python:
    print(bit_unique(data, na_rm=False))

============================================================
Entity: bit_unique_2
  Name:  bit_unique
  Kind:  FunctionCall
  Score: 0.875
  side_effects:        0.875
  executed_ok:       True

  R:
    bit_unique(c(2L, 1L, NA, NA, 1L, 2L), na.rm=TRUE)
  Python:
    print(bit_unique(data, na_rm=True))
    
    # Tests for bit_duplicated

============================================================
Entity: bit_duplicated
  Name:  bit_duplicated
  Kind:  FunctionCall
  Score: 0.786
  side_effects:        0.786
  executed_ok:       True

  R:
    bit_duplicated(c(2L, 1L, NA, NA, 1L, 2L))
  Python:
    def bit_duplicated(x, na_rm=None, range_na=None):
        # Returns a boolean array indicating duplicates
        arr = np.array(x)
        
        # Handle NA logic equivalent to R's duplicated()
        # In R, duplicated(x, incomparables=FALSE) treats NA as a value.
        # duplicated(x, incomparables=NA) treats NA as distinct (all NAs are unique)
        
        if na_rm is True:
            # All NAs are considered duplicates of previous NAs (or just marked True)
            # Logic: duplicated(x, FALSE) | is.na(x)
            is_na = pd.isna(arr)
            # We find duplicates treating NA as a value, then force all NAs to True
            duplicated_mask = np.zeros(len(arr), dtype=bool)
            seen = set()
            for i, val in enumerate(arr):
                # Normalize nan for set lookup
                v = val if not pd.isna(val) else 'NA_TOKEN'
                if v in seen:
                    duplicated_mask[i] = True
                else:
                    seen.add(v)
            return duplicated_mask | is_na
        
        elif na_rm is False:
            # NA is incomparable (each NA is unique)
            duplicated_mask = np.zeros(len(arr), dtype=bool)
            seen = set()
            for i, val in enumerate(arr):
                if pd.isna(val):
                    continue
                if val in seen:
                    duplicated_mask[i] = True
                else:
                    seen.add(val)
            return duplicated_mask
        
        else: # na_rm is None (NA)
            # Treat NA as a normal value
            duplicated_mask = np.zeros(len(arr), dtype=bool)
            seen = set()
            for i, val in enumerate(arr):
                v = val if not pd.isna(val) else 'NA_TOKEN'
                if v in seen:
                    duplicated_mask[i] = True
                else:
                    seen.add(v)
            return duplicated_mask
    print(bit_duplicated(data))

============================================================
Entity: bit_duplicated_1
  Name:  bit_duplicated
  Kind:  FunctionCall
  Score: 0.789
  side_effects:        0.789
  executed_ok:       True

  R:
    bit_duplicated(c(2L, 1L, NA, NA, 1L, 2L), na.rm=FALSE)
  Python:
    print(bit_duplicated(data, na_rm=False))

============================================================
Entity: bit_duplicated_2
  Name:  bit_duplicated
  Kind:  FunctionCall
  Score: 0.782
  side_effects:        0.782
  executed_ok:       True

  R:
    bit_duplicated(c(2L, 1L, NA, NA, 1L, 2L), na.rm=TRUE)
  Python:
    print(bit_duplicated(data, na_rm=True))
    
    # Tests for bit_anyDuplicated

============================================================
Entity: bit_anyDuplicated
  Name:  bit_anyDuplicated
  Kind:  FunctionCall
  Score: 1.000
  side_effects:        1.000
  executed_ok:       True

  R:
    bit_anyDuplicated(c(2L, 1L, NA, NA, 1L, 2L))
  Python:
    def bit_anyDuplicated(x, na_rm=None, range_na=None):
        # Returns the index of the first duplicate (1-based in R) or 0
        dups = bit_duplicated(x, na_rm=na_rm, range_na=range_na)
        indices = np.where(dups)[0]
        return int(indices[0] + 1) if len(indices) > 0 else 0
    print(bit_anyDuplicated(data))

============================================================
Entity: bit_anyDuplicated_1
  Name:  bit_anyDuplicated
  Kind:  FunctionCall
  Score: 1.000
  side_effects:        1.000
  executed_ok:       True

  R:
    bit_anyDuplicated(c(2L, 1L, NA, NA, 1L, 2L), na.rm=FALSE)
  Python:
    print(bit_anyDuplicated(data, na_rm=False))

============================================================
Entity: bit_anyDuplicated_2
  Name:  bit_anyDuplicated
  Kind:  FunctionCall
  Score: 1.000
  side_effects:        1.000
  executed_ok:       True

  R:
    bit_anyDuplicated(c(2L, 1L, NA, NA, 1L, 2L), na.rm=TRUE)
  Python:
    print(bit_anyDuplicated(data, na_rm=True))
    
    # Tests for bit_sumDuplicated

============================================================
Entity: bit_sumDuplicated
  Name:  bit_sumDuplicated
  Kind:  FunctionCall
  Score: 1.000
  side_effects:        1.000
  executed_ok:       True

  R:
    bit_sumDuplicated(c(2L, 1L, NA, NA, 1L, 2L))
  Python:
    def bit_sumDuplicated(x, na_rm=None, range_na=None):
        # Returns the total count of duplicates
        dups = bit_duplicated(x, na_rm=na_rm, range_na=range_na)
        return int(np.sum(dups))
    
    # Input data
    data = [2, 1, np.nan, np.nan, 1, 2]
    
    # Tests for bit_unique
    print(bit_sumDuplicated(data))

============================================================
Entity: bit_sumDuplicated_1
  Name:  bit_sumDuplicated
  Kind:  FunctionCall
  Score: 1.000
  side_effects:        1.000
  executed_ok:       True

  R:
    bit_sumDuplicated(c(2L, 1L, NA, NA, 1L, 2L), na.rm=FALSE)
  Python:
    print(bit_sumDuplicated(data, na_rm=False))

============================================================
Entity: bit_sumDuplicated_2
  Name:  bit_sumDuplicated
  Kind:  FunctionCall
  Score: 1.000
  side_effects:        1.000
  executed_ok:       True

  R:
    bit_sumDuplicated(c(2L, 1L, NA, NA, 1L, 2L), na.rm=TRUE)
  Python:
    print(bit_sumDuplicated(data, na_rm=True))
