Translation log
Final score: 0.885
Data score:  1.000
Iterations:  0

============================================================
Entity: suppressPackageStartupMessages
  Name:  suppressPackageStartupMessages
  Kind:  FunctionCall
  Score: 1.000
  executed_ok:       True

  R:
    suppressPackageStartupMessages(library(bit))

============================================================
Entity: import_bit
  Name:  bit
  Kind:  LibraryImport
  Score: 1.000
  type_match:          1.000
  control_flow_match:  1.000
  executed_ok:       True

  R:
    suppressPackageStartupMessages(library(bit))

============================================================
Entity: x
  Name:  x
  Kind:  Variable
  Score: 1.000
  type_match:          1.000
  control_flow_match:  1.000
  data_output:         1.000
  variable_output:     1.000
  executed_ok:       True

  R:
    x = 2:4
  Python:
    x = np.arange(2, 5) # 2:4

============================================================
Entity: y
  Name:  y
  Kind:  Variable
  Score: 1.000
  type_match:          1.000
  control_flow_match:  1.000
  data_output:         1.000
  variable_output:     1.000
  executed_ok:       True

  R:
    y = as.integer(c(0, 1, 2, 2, 3, 3, 3))
  Python:
    y = np.array([0, 1, 2, 2, 3, 3, 3], dtype=int)

============================================================
Entity: match
  Name:  match
  Kind:  FunctionCall
  Score: 0.769
  side_effects:        0.769
  executed_ok:       True

  R:
    match(x, y)
  Python:
    def match(x, table, nomatch=np.nan, incomparables=None):
        """
        Equivalent to R's match function: returns a vector of the locations 
        of the first matches of its first argument in the second.
        """
        x = np.asanyarray(x)
        table = np.asanyarray(table)
        
        # Create a mapping from value to first index (1-indexed for R compatibility)
        lookup = {val: i + 1 for i, val in enumerate(table[::-1])} # Reverse to keep first match
        # Correction: R match returns the FIRST occurrence.
        lookup = {}
        for i, val in enumerate(table):
            if val not in lookup:
                lookup[val] = i + 1
                
        return np.array([lookup.get(val, nomatch) for val in x])
    print(match(x, y))

============================================================
Entity: merge_match
  Name:  merge_match
  Kind:  FunctionCall
  Score: 0.769
  side_effects:        0.769
  executed_ok:       True

  R:
    merge_match(x, y)
  Python:
    def merge_match(x, y, revx=False, revy=False, nomatch=np.nan):
        """
        Equivalent to R's merge_match function.
        Typically used for matching sorted integers.
        """
        x = np.asanyarray(x)
        y = np.asanyarray(y)
        
        # Basic implementation of the matching logic
        # In a real bit package, this is a high-performance C function
        # for sorted vectors.
        res = match(x, y, nomatch=nomatch)
        
        # Handle revx/revy logic if needed (though not used in the provided snippet)
        # In the R source, these flags modify the search direction/behavior.
        return res
    print(merge_match(x, y))
