Translation log
Final score: 0.731
Data score:  0.000
Files score: 0.000
Iterations:  1

============================================================
Entity: suppressPackageStartupMessages
  Name:  suppressPackageStartupMessages
  Kind:  FunctionCall
  Score: 1.000
  executed_ok:       True

  R:
    suppressPackageStartupMessages(library(bslib))

============================================================
Entity: import_bslib
  Name:  bslib
  Kind:  LibraryImport
  Score: 1.000
  type_match:          1.000
  control_flow_match:  1.000
  executed_ok:       True

  R:
    suppressPackageStartupMessages(library(bslib))

============================================================
Entity: is_interactive
  Name:  is_interactive
  Kind:  ExternalSymbol
  Score: 1.000
  executed_ok:       True

  R:
    if (rlang::is_interactive()) withAutoprint({ # examplesIf

============================================================
Entity: x
  Name:  x
  Kind:  Variable
  Score: 0.250
  type_match:          0.000
  control_flow_match:  1.000
  data_output:         0.000
  variable_output:     0.000
  executed_ok:       True

  R:
    x <- card("A simple card")
  Python:
    x = ui.card("A simple card")

============================================================
Entity: page_fillable
  Name:  page_fillable
  Kind:  FunctionCall
  Score: 0.799
  side_effects:        0.799
  executed_ok:       True

  R:
    page_fillable(
      layout_columns(x, x, x, x)
    )
  Python:
    print(ui.page_fillable(
        ui.layout_columns(x, x, x, x)
    ))
    
    # Or add a list of items, spliced with rlang's `!!!` operator

============================================================
Entity: page_fillable_1
  Name:  page_fillable
  Kind:  FunctionCall
  Score: 0.802
  side_effects:        0.802
  executed_ok:       True

  R:
    page_fillable(
     layout_columns(!!!list(x, x, x))
    )
  Python:
    print(ui.page_fillable(
        ui.layout_columns(*[x, x, x])
    ))

============================================================
Entity: page_fillable_2
  Name:  page_fillable
  Kind:  FunctionCall
  Score: 0.804
  side_effects:        0.804
  executed_ok:       True

  R:
    page_fillable(
      layout_columns(
        col_widths = c(6, 6, 12),
        x, x, x
      )
    )
  Python:
    print(ui.page_fillable(
        ui.layout_columns(
            x, x, x,
            col_widths=[6, 6, 12]
        )
    ))

============================================================
Entity: page_fillable_3
  Name:  page_fillable
  Kind:  FunctionCall
  Score: 0.897
  side_effects:        0.897
  executed_ok:       True

  R:
    page_fillable(
      layout_columns(
        col_widths = c(6, 6, -2, 8),
        row_heights = c(1, 3),
        x, x, x
      )
    )
  Python:
    print(ui.page_fillable(
        ui.layout_columns(
            x, x, x,
            col_widths=[6, 6, -2, 8],
            row_heights=[1, 3]
        )
    ))

============================================================
Entity: page_fillable_4
  Name:  page_fillable
  Kind:  FunctionCall
  Score: 0.831
  side_effects:        0.831
  executed_ok:       True

  R:
    page_fillable(
      fillable_mobile = TRUE,
      layout_columns(
        col_widths = breakpoints(
          sm = c(12, 12, 12),
          md = c(6, 6, 12),
          lg = c(4, 4, 4)
        ),
        x, x, x
      )
    )
  Python:
    print(ui.page_fillable(ui.layout_columns(
            x, x, x,
            col_widths={
                "sm": [12, 12, 12],
                "md": [6, 6, 12],
                "lg": [4, 4, 4]
            }
        ), fillable_mobile=True))
    
    # Note: R source has a global scope execution pattern; 
    # since this is a UI example, we output the fragments.
