Translation log
Final score: 0.819
Data score:  1.000
Iterations:  0

============================================================
Entity: suppressPackageStartupMessages
  Name:  suppressPackageStartupMessages
  Kind:  FunctionCall
  Score: 1.000
  executed_ok:       True

  R:
    suppressPackageStartupMessages(library(clock))

============================================================
Entity: import_clock
  Name:  clock
  Kind:  LibraryImport
  Score: 1.000
  type_match:          1.000
  control_flow_match:  1.000
  executed_ok:       True

  R:
    suppressPackageStartupMessages(library(clock))

============================================================
Entity: x
  Name:  x
  Kind:  Variable
  Score: 1.000
  type_match:          1.000
  control_flow_match:  1.000
  data_output:         1.000
  variable_output:     1.000
  executed_ok:       True

  R:
    x <- as.POSIXct("2019-02-01", tz = "America/New_York")
  Python:
    x = pd.to_datetime("2019-02-01").tz_localize("America/New_York")
    
    # set_day(x, 12:14)

============================================================
Entity: set_day
  Name:  set_day
  Kind:  FunctionCall
  Score: 0.676
  side_effects:        0.676
  executed_ok:       True

  R:
    set_day(x, 12:14)
  Python:
    def set_day(dt, day, invalid="error"):
        if isinstance(day, (list, np.ndarray, range)):
            return [set_day(dt, d, invalid) for d in day]
        
        if day == "last":
            # Get the first day of next month, then subtract one day
            next_month = dt.replace(day=1) + relativedelta(months=1)
            return next_month - timedelta(days=1)
        
        try:
            return dt.replace(day=day)
        except ValueError:
            if invalid == "previous":
                # Find the last valid day of the current month
                next_month = dt.replace(day=1) + relativedelta(months=1)
                return next_month - timedelta(days=1)
            raise
    
    # Helper function to simulate set_hour logic for DST transitions
    print(set_day(x, range(12, 15)))
    
    # set_day(x, "last")

============================================================
Entity: set_day_1
  Name:  set_day
  Kind:  FunctionCall
  Score: 0.806
  side_effects:        0.806
  executed_ok:       True

  R:
    set_day(x, "last")
  Python:
    print(set_day(x, "last"))
    
    # try(set_day(x, 31))

============================================================
Entity: try
  Name:  try
  Kind:  FunctionCall
  Score: 1.000
  executed_ok:       True

  R:
    try(set_day(x, 31))
  Python:
    try:
        print(set_day(x, 31))
    except ValueError as e:
        print(f"Caught expected error: {e}")
    
    # set_day(as_year_month_day(x), 31) 
    # (Since Python's date objects still validate days, this will still fail for Feb)

============================================================
Entity: set_day_2
  Name:  set_day
  Kind:  FunctionCall
  Score: 0.617
  side_effects:        0.617
  executed_ok:       True

  R:
    set_day(as_year_month_day(x), 31)
  Python:
    try:
        print(set_day(x.date(), 31))
    except ValueError as e:
        print(f"Caught expected error: {e}")
    
    # set_day(x, 31, invalid = "previous")

============================================================
Entity: set_day_3
  Name:  set_day
  Kind:  FunctionCall
  Score: 0.779
  side_effects:        0.779
  executed_ok:       True

  R:
    set_day(x, 31, invalid = "previous")
  Python:
    print(set_day(x, 31, invalid="previous"))
    
    # y <- as.POSIXct("2020-03-08 01:30:00", tz = "America/New_York")

============================================================
Entity: y
  Name:  y
  Kind:  Variable
  Score: 1.000
  type_match:          1.000
  control_flow_match:  1.000
  data_output:         1.000
  variable_output:     1.000
  executed_ok:       True

  R:
    y <- as.POSIXct("2020-03-08 01:30:00", tz = "America/New_York")
  Python:
    y = pd.to_datetime("2020-03-08 01:30:00").tz_localize("America/New_York")
    
    # try(set_hour(y, 2))

============================================================
Entity: try_1
  Name:  try
  Kind:  FunctionCall
  Score: 1.000
  executed_ok:       True

  R:
    try(set_hour(y, 2))
  Python:
    try:
        print(set_hour(y, 2))
    except Exception as e:
        print(f"Caught expected error: {e}")
    
    # set_hour(y, 2, nonexistent = "roll-forward")

============================================================
Entity: set_hour
  Name:  set_hour
  Kind:  FunctionCall
  Score: 0.895
  side_effects:        0.895
  executed_ok:       True

  R:
    set_hour(y, 2, nonexistent = "roll-forward")
  Python:
    def set_hour(dt, hour, nonexistent="error"):
        try:
            return dt.replace(hour=hour)
        except (ValueError, OSError):
            if nonexistent == "roll-forward":
                # Roll forward: move to the start of the next valid time (usually +1 hour)
                return dt.replace(hour=hour) + timedelta(hours=1)
            elif nonexistent == "roll-backward":
                # Roll backward: move to the last valid time before the gap
                return dt.replace(hour=hour) - timedelta(hours=1)
            raise
    
    # x <- as.POSIXct("2019-02-01", tz = "America/New_York")
    print(set_hour(y, 2, nonexistent="roll-forward"))
    
    # set_hour(y, 2, nonexistent = "roll-backward")

============================================================
Entity: set_hour_1
  Name:  set_hour
  Kind:  FunctionCall
  Score: 0.779
  side_effects:        0.779
  executed_ok:       True

  R:
    set_hour(y, 2, nonexistent = "roll-backward")
  Python:
    print(set_hour(y, 2, nonexistent="roll-backward"))
