Translation log
Final score: 0.500
Data score:  0.000
Iterations:  1

============================================================
Entity: suppressPackageStartupMessages
  Name:  suppressPackageStartupMessages
  Kind:  FunctionCall
  Score: 1.000
  executed_ok:       True

  R:
    suppressPackageStartupMessages(library(clock))

============================================================
Entity: import_clock
  Name:  clock
  Kind:  LibraryImport
  Score: 1.000
  type_match:          1.000
  control_flow_match:  1.000
  executed_ok:       True

  R:
    suppressPackageStartupMessages(library(clock))

============================================================
Entity: from
  Name:  from
  Kind:  Variable
  Score: 0.250
  type_match:          0.000
  control_flow_match:  1.000
  data_output:         0.000
  variable_output:     0.000
  executed_ok:       True

  R:
    from <- as_naive_time(year_month_day(2019, 1, 1, 2, 30, 00))
  Python:
    from_date = pd.Timestamp(2019, 1, 1, 2, 30, 0)

============================================================
Entity: to
  Name:  to
  Kind:  Variable
  Score: 0.250
  type_match:          0.000
  control_flow_match:  1.000
  data_output:         0.000
  variable_output:     0.000
  executed_ok:       True

  R:
    to <- as_naive_time(year_month_day(2019, 1, 1, 12, 30, 00))
  Python:
    to_date = pd.Timestamp(2019, 1, 1, 12, 30, 0)
    
    # seq(from, to, by = duration_minutes(90))

============================================================
Entity: seq
  Name:  seq
  Kind:  FunctionCall
  Score: 1.000
  side_effects:        1.000
  executed_ok:       True

  R:
    seq(from, to, by = duration_minutes(90))
  Python:
    seq_range = pd.date_range(start=from_date, end=to_date, freq='90min')
    
    # Format to match R's <naive_time<second>> output: "YYYY-MM-DDTHH:MM:SS"
    # Note: R's naive_time usually prints the date part if created from year_month_day 
    # as seen in the provided R output: "2019-01-01T02:30:00"
    formatted_seq = [t.strftime('%Y-%m-%dT%H:%M:%S') for t in seq_range]
    
    # To mimic R's printed output structure
    print(f'      <naive_time<second>[{len(formatted_seq)}]>')
    for i in range(0, len(formatted_seq), 3):
        chunk = formatted_seq[i:i+3]
        line = ' '.join([f'"{x}"' for x in chunk])
        print(f'[{i+1}] {line}')
