Translation log
Final score: 0.628
Data score:  0.008
Iterations:  1

============================================================
Entity: suppressPackageStartupMessages
  Name:  suppressPackageStartupMessages
  Kind:  FunctionCall
  Score: 1.000
  executed_ok:       True

  R:
    suppressPackageStartupMessages(library(clock))

============================================================
Entity: import_clock
  Name:  clock
  Kind:  LibraryImport
  Score: 1.000
  type_match:          1.000
  control_flow_match:  1.000
  executed_ok:       True

  R:
    suppressPackageStartupMessages(library(clock))

============================================================
Entity: x
  Name:  x
  Kind:  Variable
  Score: 0.253
  type_match:          0.004
  control_flow_match:  1.000
  data_output:         0.004
  variable_output:     0.004
  executed_ok:       True

  R:
    x <- iso_year_week_day(2019, 1:52)
  Python:
    def iso_year_week_day(year, week=None, day=None):
        """
        Mimics clock::iso_year_week_day.
        Returns a DataFrame simulating the clock_iso_year_week_day object.
        """
        year = np.atleast_1d(year)
        week = np.atleast_1d(week) if week is not None else None
        day = np.atleast_1d(day) if day is not None else None
    
        # Broadcast to common length
        max_len = max(len(year), 
                      len(week) if week is not None else 0, 
                      len(day) if day is not None else 0)
        
        def broadcast(arr, length):
            if arr is None:
                return np.full(length, 1)
            if len(arr) == 1:
                return np.full(length, arr[0])
            # Simple recycle/repeat logic similar to vec_recycle_common
            return np.resize(arr, length)
    
        years = broadcast(year, max_len)
        weeks = broadcast(week, max_len)
        days = broadcast(day, max_len)
    
        df = pd.DataFrame({'year': years, 'week': weeks, 'day': days})
        df.attrs['clock_class'] = 'clock_iso_year_week_day'
        df.attrs['precision'] = 'day'
        return df
    x = iso_year_week_day(2019, np.arange(1, 53))
    
    # Group by 3 ISO weeks
    # calendar_group(x, "week", n = 3)

============================================================
Entity: calendar_group
  Name:  calendar_group
  Kind:  FunctionCall
  Score: 1.000
  side_effects:        1.000
  executed_ok:       True

  R:
    calendar_group(x, "week", n = 3)
  Python:
    def calendar_group(x, precision, n=1):
        """
        Mimics clock::calendar_group.
        Groups calendar objects by a specified precision and count.
        Returns a formatted representation of the grouped calendar.
        """
        if precision == "week":
            # R's calendar_group for weeks creates groups of n weeks.
            # The label is the start week of that group.
            years = x['year'].values
            weeks = x['week'].values
            
            # Create group identifiers based on index // n
            group_ids = np.arange(len(x)) // n
            
            # The label for the group is the ISO week of the first element in that group
            group_labels = []
            for i in range(len(x)):
                gid = i // n
                first_idx = gid * n
                lbl = f"{years[first_idx]}-W{weeks[first_idx]:02d}"
                group_labels.append(lbl)
                
            return np.array(group_labels)
    
        elif precision == "year":
            # Group by n years. 
            # The label is the year of the first element in that group.
            years = x['year'].values
            
            group_ids = np.arange(len(x)) // n
            
            group_labels = []
            for i in range(len(x)):
                gid = i // n
                first_idx = gid * n
                lbl = str(years[first_idx])
                group_labels.append(lbl)
                
            return np.array(group_labels)
        else:
            raise NotImplementedError(f"Precision {precision} not implemented")
    
    # --- Translation of the script ---
    
    # x <- iso_year_week_day(2019, 1:52)
    res_x = calendar_group(x, "week", n=3)
    print(f" <iso_year_week_day<week>[{len(res_x)}]>")
    print(res_x)
    
    # y <- iso_year_week_day(2000:2020, 1, 1)

============================================================
Entity: y
  Name:  y
  Kind:  Variable
  Score: 0.258
  type_match:          0.011
  control_flow_match:  1.000
  data_output:         0.011
  variable_output:     0.011
  executed_ok:       True

  R:
    y <- iso_year_week_day(2000:2020, 1, 1)
  Python:
    y = iso_year_week_day(np.arange(2000, 2021), 1, 1)
    
    # Group by 2 ISO years
    # calendar_group(y, "year", n = 2)

============================================================
Entity: calendar_group_1
  Name:  calendar_group
  Kind:  FunctionCall
  Score: 1.000
  side_effects:        1.000
  executed_ok:       True

  R:
    calendar_group(y, "year", n = 2)
  Python:
    res_y = calendar_group(y, "year", n=2)
    print(f" <iso_year_week_day<year>[{len(res_y)}]>")
    print(res_y)
