Translation log
Final score: 1.000
Data score:  0.667
Iterations:  1

============================================================
Entity: suppressPackageStartupMessages
  Name:  suppressPackageStartupMessages
  Kind:  FunctionCall
  Score: 1.000
  executed_ok:       True

  R:
    suppressPackageStartupMessages(library(data.table))

============================================================
Entity: import_data.table
  Name:  data.table
  Kind:  LibraryImport
  Score: 1.000
  type_match:          1.000
  control_flow_match:  1.000
  executed_ok:       True

  R:
    suppressPackageStartupMessages(library(data.table))

============================================================
Entity: DT
  Name:  DT
  Kind:  Variable
  Score: 1.000
  type_match:          1.000
  control_flow_match:  1.000
  data_output:         1.000
  variable_output:     1.000
  executed_ok:       True

  R:
    DT = data.table(A=1:10, B=letters[1:10])
  Python:
    letters_list = list(string.ascii_lowercase)
    DT = pd.DataFrame({'A': list(range(1, 11)), 'B': letters_list[0:10]})
    
    # Entity: DT2
    # DT2 = data.table(A=1:10000, ColB=10000:1)

============================================================
Entity: DT2
  Name:  DT2
  Kind:  Variable
  Score: 1.000
  type_match:          1.000
  control_flow_match:  1.000
  data_output:         1.000
  variable_output:     1.000
  executed_ok:       True

  R:
    DT2 = data.table(A=1:10000, ColB=10000:1)
  Python:
    DT2 = pd.DataFrame({'A': list(range(1, 10001)), 'ColB': list(range(10000, 0, -1))})
    
    # Entity: setkey
    # setkey(DT, B)
    # In data.table, setkey sorts the table and sets the key.

============================================================
Entity: setkey
  Name:  setkey
  Kind:  FunctionCall
  Score: 1.000
  executed_ok:       True

  R:
    setkey(DT,B)
  Python:
    DT = DT.sort_values('B').reset_index(drop=True)
    DT.attrs['key'] = ['B']
    
    # Entity: tables

============================================================
Entity: tables
  Name:  tables
  Kind:  FunctionCall
  Score: 1.000
  side_effects:        1.000
  executed_ok:       True

  R:
    tables()
  Python:
    def tables():
        """
        Mimics the data.table::tables() function.
        Iterates through global variables to find data-table-like objects.
        """
        # Get all globals that are pandas DataFrames (mimicking is.data.table)
        found_tables = []
        for name, obj in globals().items():
            if isinstance(obj, pd.DataFrame):
                # Calculate memory usage in MB
                mb = obj.memory_usage(deep=True).sum() / (1024 * 1024)
                # Get columns
                cols = ",".join(obj.columns.tolist())
                # Get key from attributes (set by our setkey equivalent)
                key = obj.attrs.get('key', '[NULL]')
                if isinstance(key, list):
                    key = ",".join(key)
                
                found_tables.append({
                    'NAME': name,
                    'NROW': len(obj),
                    'NCOL': len(obj.columns),
                    'MB': int(mb),
                    'COLS': cols,
                    'KEY': key
                })
        
        if not found_tables:
            print("No objects of class data.table exist in .GlobalEnv")
            return
        
        # Convert to DataFrame for printing to match R output
        info = pd.DataFrame(found_tables)
        # R output: NAME NROW NCOL MB COLS KEY
        # Print formatted as data.table
        # Note: R's tables() output is essentially a data.table print
        
        # Formatting to match the specific R output provided in verification
        #      NAME  NROW NCOL MB   COLS    KEY
        # 1:   DT    10    2  0    A,B      B
        # 2:  DT2 10000    2  0 A,ColB [NULL]
        
        # We manually format to match the exact structure
        print(f"{'NAME':<6} {'NROW':<6} {'NCOL':<6} {'MB':<6} {'COLS':<10} {'KEY':<10}")
        for i, row in info.iterrows():
            print(f"{i+1}: {row['NAME']:<6} {row['NROW']:<6} {row['NCOL']:<6} {row['MB']:<6} {row['COLS']:<10} {row['KEY']:<10}")
        
        total_mb = sum(info['MB'])
        print(f"Total: {total_mb}MB using type_size")
    
    # Execute tables()
    tables()
