Translation log
Final score: 0.750
Data score:  0.500
Iterations:  1

============================================================
Entity: suppressPackageStartupMessages
  Name:  suppressPackageStartupMessages
  Kind:  FunctionCall
  Score: 1.000
  executed_ok:       True

  R:
    suppressPackageStartupMessages(library(dplyr))

============================================================
Entity: import_dplyr
  Name:  dplyr
  Kind:  LibraryImport
  Score: 1.000
  type_match:          1.000
  control_flow_match:  1.000
  executed_ok:       True

  R:
    suppressPackageStartupMessages(library(dplyr))

============================================================
Entity: scramble
  Name:  scramble
  Kind:  FunctionDef
  Score: 1.000
  type_match:          1.000
  executed_ok:       True

  R:
    scramble <- function(x) x[sample(nrow(x)), sample(ncol(x))]

============================================================
Entity: mtcars2
  Name:  mtcars2
  Kind:  Variable
  Score: 0.250
  type_match:          0.000
  control_flow_match:  1.000
  data_output:         0.000
  variable_output:     0.000
  executed_ok:       True

  R:
    mtcars2 <- scramble(mtcars)
  Python:
    def scramble(x):
        # Sample rows and columns independently
        row_indices = np.random.permutation(x.index)
        col_indices = np.random.permutation(x.columns)
        return x.loc[row_indices, col_indices]
    mtcars2 = scramble(mtcars)
    
    # `all_equal()` ignored row and column ordering by default

============================================================
Entity: all_equal
  Name:  all_equal
  Kind:  FunctionCall
  Score: 1.000
  side_effects:        1.000
  executed_ok:       True

  R:
    all_equal(mtcars, mtcars2)
  Python:
    def all_equal(target, current, ignore_col_order=True, ignore_row_order=True, convert=False):
        """
        Mimics dplyr::all_equal. 
        Note: dplyr::all_equal is deprecated in favor of base::all.equal.
        """
        # In Python, we implement the logic of checking equality regardless of order
        # by sorting both dataframes by index and columns.
        t_df = target.copy()
        c_df = current.copy()
        
        if ignore_col_order:
            t_df = t_df[sorted(t_df.columns)]
            c_df = c_df[sorted(c_df.columns)]
            
        if ignore_row_order:
            t_df = t_df.sort_index().reset_index(drop=True)
            c_df = c_df.sort_index().reset_index(drop=True)
        
        try:
            assert_frame_equal(t_df, c_df)
            return True
        except AssertionError as e:
            return str(e)
    print(all_equal(mtcars, mtcars2))
    
    # Instead, be explicit about the row and column ordering
    # mtcars2[rownames(mtcars), names(mtcars)] in R aligns mtcars2 to mtcars' structure

============================================================
Entity: all.equal
  Name:  all.equal
  Kind:  FunctionCall
  Score: 1.000
  side_effects:        1.000
  executed_ok:       True

  R:
    all.equal(
      mtcars,
      mtcars2[rownames(mtcars), names(mtcars)]
    )
  Python:
    def all_equal_base(target, current):
        """
        Mimics base::all.equal for DataFrames.
        Strictly checks order and values.
        """
        try:
            assert_frame_equal(target, current)
            return True
        except AssertionError as e:
            return str(e)
    
    # Load mtcars equivalent
    # Since mtcars is a built-in R dataset, we use a proxy or load it from a source
    # For the sake of the script, we create a small dataframe mimicking mtcars if not available
    try:
        import statsmodels.api as sm
        mtcars = sm.datasets.get_rdataset("mtcars").data
    except:
        # Fallback simple df
        mtcars = pd.DataFrame(np.random.randint(0, 100, size=(32, 11)), 
                              index=[f"car{i}" for i in range(32)], 
                              columns=[f"col{i}" for i in range(11)])
    mtcars2_aligned = mtcars2.reindex(index=mtcars.index, columns=mtcars.columns)
    print(all_equal_base(mtcars, mtcars2_aligned))
