Translation log
Final score: 0.931
Data score:  1.000
Iterations:  1

============================================================
Entity: suppressPackageStartupMessages
  Name:  suppressPackageStartupMessages
  Kind:  FunctionCall
  Score: 0.933
  type_match:          1.000
  control_flow_match:  1.000
  data_output:         1.000
  variable_output:     1.000
  callable_output:     1.000
  side_effects:        0.600
  executed_ok:       True

  R:
    suppressPackageStartupMessages(library(dplyr))

============================================================
Entity: import_dplyr
  Name:  dplyr
  Kind:  LibraryImport
  Score: 0.920
  type_match:          1.000
  control_flow_match:  1.000
  data_output:         1.000
  variable_output:     1.000
  side_effects:        0.600
  executed_ok:       True

  R:
    suppressPackageStartupMessages(library(dplyr))

============================================================
Entity: glimpse
  Name:  glimpse
  Kind:  FunctionCall
  Score: 0.933
  type_match:          1.000
  control_flow_match:  1.000
  data_output:         1.000
  variable_output:     1.000
  callable_output:     1.000
  side_effects:        0.600
  executed_ok:       True

  R:
    glimpse(mtcars)
  Python:
    def glimpse(df):
        """Mimics dplyr::glimpse output."""
        rows = len(df)
        cols = len(df.columns)
        print(f"Rows: {rows}")
        print(f"Columns: {cols}")
        
        for col in df.columns:
            dtype = df[col].dtype
            # Map numpy/pandas dtypes to R-like glimpses
            if "float" in str(dtype):
                r_type = "<dbl>"
            elif "int" in str(dtype):
                r_type = "<int>"
            elif "object" in str(dtype):
                r_type = "<chr>"
            else:
                r_type = f"<{dtype}>"
                
            # Get first few values
            vals = df[col].head(10).tolist()
            vals_str = ", ".join(map(str, vals))
            if len(df[col]) > 10:
                vals_str += "…"
                
            print(f"$ {col:<5} {r_type} {vals_str}")
        
        return df
    glimpse(mtcars)
    
    # mtcars |> glimpse() |> select(1:3)
    # In R, glimpse returns the original object invisibly.

============================================================
Entity: glimpse_1
  Name:  glimpse
  Kind:  FunctionCall
  Score: 0.933
  type_match:          1.000
  control_flow_match:  1.000
  data_output:         1.000
  variable_output:     1.000
  callable_output:     1.000
  side_effects:        0.600
  executed_ok:       True

  R:
      glimpse() |>
  Python:
    res = glimpse(mtcars)
    # select(1:3) corresponds to columns 0, 1, 2 in Python

============================================================
Entity: select
  Name:  select
  Kind:  FunctionCall
  Score: 0.933
  type_match:          1.000
  control_flow_match:  1.000
  data_output:         1.000
  variable_output:     1.000
  callable_output:     1.000
  side_effects:        0.600
  executed_ok:       True

  R:
      select(1:3)
  Python:
    result = res.iloc[:, 0:3]
    # Note: The R code doesn't print the result of the pipeline, 
    # but since the script ends with another glimpse, we just compute it.

============================================================
Entity: glimpse_2
  Name:  glimpse
  Kind:  FunctionCall
  Score: 0.933
  type_match:          1.000
  control_flow_match:  1.000
  data_output:         1.000
  variable_output:     1.000
  callable_output:     1.000
  side_effects:        0.600
  executed_ok:       True

  R:
    glimpse(starwars)
  Python:
    glimpse(starwars)
