Translation log
Final score: 0.775
Data score:  0.181
Iterations:  1

============================================================
Entity: suppressPackageStartupMessages
  Name:  suppressPackageStartupMessages
  Kind:  FunctionCall
  Score: 1.000
  type_match:          1.000
  control_flow_match:  1.000
  data_output:         1.000
  variable_output:     1.000
  callable_output:     1.000
  side_effects:        1.000
  executed_ok:       True

  R:
    suppressPackageStartupMessages(library(dplyr))

============================================================
Entity: import_dplyr
  Name:  dplyr
  Kind:  LibraryImport
  Score: 1.000
  type_match:          1.000
  control_flow_match:  1.000
  data_output:         1.000
  variable_output:     1.000
  side_effects:        1.000
  executed_ok:       True

  R:
    suppressPackageStartupMessages(library(dplyr))

============================================================
Entity: pull
  Name:  pull
  Kind:  FunctionCall
  Score: 1.000
  type_match:          1.000
  control_flow_match:  1.000
  data_output:         1.000
  variable_output:     1.000
  callable_output:     1.000
  side_effects:        1.000
  executed_ok:       True

  R:
    mtcars |> pull(-1)
  Python:
    mtcars.iloc[:, 1:].iloc[0] # Approximating pull behavior (returns a Series/Vector)
    
    # mtcars |> pull(1)

============================================================
Entity: pull_1
  Name:  pull
  Kind:  FunctionCall
  Score: 1.000
  type_match:          1.000
  control_flow_match:  1.000
  data_output:         1.000
  variable_output:     1.000
  callable_output:     1.000
  side_effects:        1.000
  executed_ok:       True

  R:
    mtcars |> pull(1)
  Python:
    mtcars.iloc[:, 0]
    
    # mtcars |> pull(cyl)

============================================================
Entity: pull_2
  Name:  pull
  Kind:  FunctionCall
  Score: 1.000
  type_match:          1.000
  control_flow_match:  1.000
  data_output:         1.000
  variable_output:     1.000
  callable_output:     1.000
  side_effects:        1.000
  executed_ok:       True

  R:
    mtcars |> pull(cyl)
  Python:
    mtcars['cyl']
    
    # df <- dbplyr::memdb_frame(...) 
    # Using pandas as a substitute for memdb_frame

============================================================
Entity: requireNamespace
  Name:  requireNamespace
  Kind:  FunctionCall
  Score: 1.000
  type_match:          1.000
  control_flow_match:  1.000
  data_output:         1.000
  variable_output:     1.000
  callable_output:     1.000
  side_effects:        1.000
  executed_ok:       True

  R:
    if (requireNamespace("dbplyr", quietly = TRUE) && requireNamespace("RSQLite", quietly = TRUE)) withAutoprint({ # examplesIf

============================================================
Entity: requireNamespace_1
  Name:  requireNamespace
  Kind:  FunctionCall
  Score: 1.000
  type_match:          1.000
  control_flow_match:  1.000
  data_output:         1.000
  variable_output:     1.000
  callable_output:     1.000
  side_effects:        1.000
  executed_ok:       True

  R:
    if (requireNamespace("dbplyr", quietly = TRUE) && requireNamespace("RSQLite", quietly = TRUE)) withAutoprint({ # examplesIf

============================================================
Entity: df
  Name:  df
  Kind:  Variable
  Score: 0.357
  type_match:          0.094
  control_flow_match:  1.000
  data_output:         0.094
  variable_output:     0.094
  side_effects:        0.500
  executed_ok:       True

  R:
    df <- dbplyr::memdb_frame(x = 1:10, y = 10:1, .name = "pull-ex")
  Python:
    df = pd.DataFrame({'x': range(1, 11), 'y': range(10, 0, -1)})
    
    # df |> mutate(z = x * y) |> pull()
    # Note: R's pull() on a dataframe without arguments often returns the last column or a specific vector

============================================================
Entity: mutate
  Name:  mutate
  Kind:  FunctionCall
  Score: 0.083
  type_match:          0.000
  control_flow_match:  0.000
  data_output:         0.000
  variable_output:     0.000
  callable_output:     0.000
  side_effects:        0.500
  executed_ok:       True

  R:
      mutate(z = x * y) |>
  Python:
    df['z'] = df['x'] * df['y']

============================================================
Entity: pull_3
  Name:  pull
  Kind:  FunctionCall
  Score: 0.083
  type_match:          0.000
  control_flow_match:  0.000
  data_output:         0.000
  variable_output:     0.000
  callable_output:     0.000
  side_effects:        0.500
  executed_ok:       True

  R:
      pull()
  Python:
    result = df['z']
    
    # starwars |> pull(height, name)
    # Using a sample starwars dataframe
    starwars = pd.DataFrame({
        'name': ['Luke Skywalker', 'C-3PO', 'R2-D2'],
        'height': [172, 167, 96]
    })

============================================================
Entity: pull_4
  Name:  pull
  Kind:  FunctionCall
  Score: 1.000
  type_match:          1.000
  control_flow_match:  1.000
  data_output:         1.000
  variable_output:     1.000
  callable_output:     1.000
  side_effects:        1.000
  executed_ok:       True

  R:
    starwars |> pull(height, name)
  Python:
    starwars[['height', 'name']]
