Translation log
Final score: 0.922
Data score:  1.000
Iterations:  0

============================================================
Entity: suppressPackageStartupMessages
  Name:  suppressPackageStartupMessages
  Kind:  FunctionCall
  Score: 1.000
  executed_ok:       True

  R:
    suppressPackageStartupMessages(library(dplyr))

============================================================
Entity: import_dplyr
  Name:  dplyr
  Kind:  LibraryImport
  Score: 1.000
  type_match:          1.000
  control_flow_match:  1.000
  executed_ok:       True

  R:
    suppressPackageStartupMessages(library(dplyr))

============================================================
Entity: x
  Name:  x
  Kind:  Variable
  Score: 1.000
  type_match:          1.000
  control_flow_match:  1.000
  data_output:         1.000
  variable_output:     1.000
  executed_ok:       True

  R:
    x <- c(1, 3, 5, 2, 2)
  Python:
    x = np.array([1, 3, 5, 2, 2])
    
    # cummean(x)

============================================================
Entity: cummean
  Name:  cummean
  Kind:  FunctionCall
  Score: 0.915
  side_effects:        0.915
  executed_ok:       True

  R:
    cummean(x)
  Python:
    cummean_x = np.cumsum(x) / np.arange(1, len(x) + 1)
    print(cummean_x)
    
    # cumsum(x) / seq_along(x)

============================================================
Entity: cumsum
  Name:  cumsum
  Kind:  FunctionCall
  Score: 0.500
  side_effects:        0.500
  executed_ok:       True

  R:
    cumsum(x) / seq_along(x)

============================================================
Entity: seq_along
  Name:  seq_along
  Kind:  FunctionCall
  Score: 1.000
  executed_ok:       True

  R:
    cumsum(x) / seq_along(x)
  Python:
    cumsum_div_seq = np.cumsum(x) / np.arange(1, len(x) + 1)
    print(cumsum_div_seq)
    
    # cumall(x < 5)

============================================================
Entity: cumall
  Name:  cumall
  Kind:  FunctionCall
  Score: 1.000
  side_effects:        1.000
  executed_ok:       True

  R:
    cumall(x < 5)
  Python:
    cumall_x = np.cumprod((x < 5).astype(int))
    print(cumall_x.astype(bool))
    
    # cumany(x == 3)

============================================================
Entity: cumany
  Name:  cumany
  Kind:  FunctionCall
  Score: 1.000
  side_effects:        1.000
  executed_ok:       True

  R:
    cumany(x == 3)
  Python:
    cumany_x = np.maximum.accumulate((x == 3).astype(int))
    print(cumany_x.astype(bool))

============================================================
Entity: df
  Name:  df
  Kind:  Variable
  Score: 1.000
  type_match:          1.000
  control_flow_match:  1.000
  data_output:         1.000
  variable_output:     1.000
  executed_ok:       True

  R:
    df <- data.frame(
      date = as.Date("2020-01-01") + 0:6,
      balance = c(100, 50, 25, -25, -50, 30, 120)
    )
  Python:
    df = pd.DataFrame({
        'date': pd.to_datetime("2020-01-01") + pd.to_timedelta(np.arange(7), unit='D'),
        'balance': [100, 50, 25, -25, -50, 30, 120]
    })
    
    # df |> filter(cumany(balance < 0))

============================================================
Entity: filter
  Name:  filter
  Kind:  FunctionCall
  Score: 0.975
  side_effects:        0.975
  executed_ok:       True

  R:
    df |> filter(cumany(balance < 0))
  Python:
    df_filter1 = df[np.maximum.accumulate((df['balance'] < 0).astype(int)).astype(bool)]
    print(df_filter1)
    
    # df |> filter(cumall(!(balance < 0)))

============================================================
Entity: filter_1
  Name:  filter
  Kind:  FunctionCall
  Score: 0.984
  side_effects:        0.984
  executed_ok:       True

  R:
    df |> filter(cumall(!(balance < 0)))
  Python:
    df_filter2 = df[np.cumprod((~(df['balance'] < 0)).astype(int)).astype(bool)]
    print(df_filter2)
