Translation log
Final score: 1.000
Iterations:  0

============================================================
Entity: suppressPackageStartupMessages
  Name:  suppressPackageStartupMessages
  Kind:  FunctionCall
  Score: 1.000
  executed_ok:       True

  R:
    suppressPackageStartupMessages(library(gargle))

============================================================
Entity: import_gargle
  Name:  gargle
  Kind:  LibraryImport
  Score: 1.000
  type_match:          1.000
  control_flow_match:  1.000
  executed_ok:       True

  R:
    suppressPackageStartupMessages(library(gargle))

============================================================
Entity: drive_auth
  Name:  drive_auth
  Kind:  FunctionDef
  Score: 1.000
  type_match:          1.000
  executed_ok:       True

  R:
    drive_auth <- function(email = gargle::gargle_oauth_email(),
                           path = NULL,
                           scopes = "https://www.googleapis.com/auth/drive",
                           cache = gargle::gargle_oauth_cache(),
                           use_oob = gargle::gargle_oob_default(),
                           token = NULL) { ... }
  Python:
    def drive_auth(email=None, 
                   path=None, 
                   scopes=["https://www.googleapis.com/auth/drive"], 
                   cache=None, 
                   use_oob=False, 
                   token=None):
        """
        Python implementation of a Google Drive authentication flow 
        similar to gargle's drive_auth.
        """
        # Use provided token if available
        if token:
            return token
    
        # Set default cache path if not provided
        if cache is None:
            cache = "token.pickle"
        if path:
            cache = os.path.join(path, cache)
    
        creds = None
        # Try loading existing credentials from cache
        if os.path.exists(cache):
            with open(cache, 'rb') as token:
                creds = pickle.load(token)
    
        # If there are no (valid) credentials available, let the user log in.
        if not creds or not creds.valid:
            if creds and creds.expired and Request().refresh_token(creds):
                with open(cache, 'wb') as token:
                    pickle.dump(creds, token)
            else:
                # This assumes client_secrets.json is in the working directory
                flow = InstalledAppFlow.from_client_secrets_file(
                    'client_secrets.json', scopes=scopes
                )
                
                if use_oob:
                    # Out-of-band flow for environments without browser access
                    flow.run_local_server(port=0, open_browser=False)
                else:
                    flow.run_local_server(port=0)
                    
                creds = flow.credentials
                
                # Save the credentials for the next run
                with open(cache, 'wb') as token:
                    pickle.dump(creds, token)
    
        return creds
