Translation log
Final score: 0.894
Data score:  1.000
Iterations:  0

============================================================
Entity: suppressPackageStartupMessages
  Name:  suppressPackageStartupMessages
  Kind:  FunctionCall
  Score: 0.900
  type_match:          1.000
  control_flow_match:  1.000
  data_output:         1.000
  variable_output:     1.000
  callable_output:     1.000
  side_effects:        0.400
  executed_ok:       True

  R:
    suppressPackageStartupMessages(library(ggplot2))

============================================================
Entity: import_ggplot2
  Name:  ggplot2
  Kind:  LibraryImport
  Score: 0.880
  type_match:          1.000
  control_flow_match:  1.000
  data_output:         1.000
  variable_output:     1.000
  side_effects:        0.400
  executed_ok:       True

  R:
    suppressPackageStartupMessages(library(ggplot2))

============================================================
Entity: p
  Name:  p
  Kind:  Variable
  Score: 0.880
  type_match:          1.000
  control_flow_match:  1.000
  data_output:         1.000
  variable_output:     1.000
  side_effects:        0.400
  executed_ok:       True

  R:
    p <- ggplot(mpg, aes(displ, hwy)) +
      geom_point() +
      theme(axis.line = element_line())
  Python:
    p = (

============================================================
Entity: ggplot
  Name:  ggplot
  Kind:  FunctionCall
  Score: 0.900
  type_match:          1.000
  control_flow_match:  1.000
  data_output:         1.000
  variable_output:     1.000
  callable_output:     1.000
  side_effects:        0.400
  executed_ok:       True

  R:
    p <- ggplot(mpg, aes(displ, hwy)) +
  Python:
        ggplot(mpg, aes(x='displ', y='hwy')) 

============================================================
Entity: geom_point
  Name:  geom_point
  Kind:  FunctionCall
  Score: 0.900
  type_match:          1.000
  control_flow_match:  1.000
  data_output:         1.000
  variable_output:     1.000
  callable_output:     1.000
  side_effects:        0.400
  executed_ok:       True

  R:
      geom_point() +
  Python:
        + geom_point() 

============================================================
Entity: theme
  Name:  theme
  Kind:  FunctionCall
  Score: 0.900
  type_match:          1.000
  control_flow_match:  1.000
  data_output:         1.000
  variable_output:     1.000
  callable_output:     1.000
  side_effects:        0.400
  executed_ok:       True

  R:
      theme(axis.line = element_line())
  Python:
        + theme(axis_line=element_line())
    )
    
    # Note: plotnine does not currently have a direct equivalent to guide_axis_stack.
    # The following renders the base plot with the specified theme.

============================================================
Entity: guides
  Name:  guides
  Kind:  FunctionCall
  Score: 0.900
  type_match:          1.000
  control_flow_match:  1.000
  data_output:         1.000
  variable_output:     1.000
  callable_output:     1.000
  side_effects:        0.400
  executed_ok:       True

  R:
    p + guides(x = guide_axis_stack("axis", guide_axis(cap = "both")))
  Python:
    print(p)
