Translation log
Final score: 0.000
Iterations:  1

============================================================
Entity: suppressPackageStartupMessages
  Name:  suppressPackageStartupMessages
  Kind:  FunctionCall
  Score: 0.000
  type_match:          0.000
  control_flow_match:  0.000
  data_output:         0.000
  variable_output:     0.000
  callable_output:     0.000
  side_effects:        0.000
  executed_ok:       False

  R:
    suppressPackageStartupMessages(library(ggplot2))

============================================================
Entity: import_ggplot2
  Name:  ggplot2
  Kind:  LibraryImport
  Score: 0.000
  type_match:          0.000
  control_flow_match:  0.000
  data_output:         0.000
  variable_output:     0.000
  callable_output:     0.000
  side_effects:        0.000
  executed_ok:       False

  R:
    suppressPackageStartupMessages(library(ggplot2))

============================================================
Entity: stat_chull
  Name:  stat_chull
  Kind:  FunctionDef
  Score: 0.000
  type_match:          0.000
  control_flow_match:  0.000
  data_output:         0.000
  variable_output:     0.000
  callable_output:     0.000
  side_effects:        0.000
  executed_ok:       False

  R:
    stat_chull <- function(mapping = NULL, data = NULL, geom = "polygon",
                           position = "identity", na.rm = FALSE, show.legend = NA, 
                           inherit.aes = TRUE, ...) {
      layer(
        stat = StatChull, data = data, mapping = mapping, geom = geom, 
        position = position, show.legend = show.legend, inherit.aes = inherit.aes,
        params = list(na.rm = na.rm, ...)
      )
    }
  Python:
    def stat_chull(**kwargs, mapping=None, data=None, geom="polygon", position="identity", na_rm=False, show_legend=None, inherit_aes=True):
        """
        Python implementation of a convex hull statistic for plotnine.
        Since plotnine doesn't have a built-in StatChull, we calculate the hull
        manually and return a polygon layer.
        """
        # This function acts as a wrapper to simulate the R stat_chull behavior.
        # In Python/plotnine, we typically pre-calculate the hull or use a custom geom.
        
        # Implementation note: plotnine does not support custom Stat classes 
        # as flexibly as ggplot2. The standard approach is to calculate the 
        # Convex Hull points and pass them to geom_polygon.
        
        return geom_polygon(**kwargs, mapping=mapping, data=data, position=position, show_legend=show_legend, inherit_aes=inherit_aes)
    
    # Example of how to actually apply a convex hull in Python/plotnine:
    def get_convex_hull_data(df, x_col, y_col, group_col=None):
        """
        Helper to calculate convex hull vertices for plotnine mapping
        """
        results = []
        groups = df[group_col].unique() if group_col else [None]
        
        for g in groups:
            subset = df[df[group_col] == g] if group_col else df
            points = subset[[x_col, y_col]].values
            hull = ConvexHull(points)
            hull_points = subset[[x_col, y_col]].iloc[hull.vertices]
            if group_col:
                hull_points[group_col] = g
            results.append(hull_points)
            
        return pd.concat(results)
