Translation log
Final score: 1.000
Iterations:  0

============================================================
Entity: suppressPackageStartupMessages
  Name:  suppressPackageStartupMessages
  Kind:  FunctionCall
  Score: 1.000
  executed_ok:       True

  R:
    suppressPackageStartupMessages(library(gh))

============================================================
Entity: import_gh
  Name:  gh
  Kind:  LibraryImport
  Score: 1.000
  type_match:          1.000
  control_flow_match:  1.000
  executed_ok:       True

  R:
    suppressPackageStartupMessages(library(gh))

============================================================
Entity: opts_chunk$set
  Name:  opts_chunk$set
  Kind:  FunctionCall
  Score: 1.000
  executed_ok:       True

  R:
    knitr::opts_chunk$set(
      collapse = TRUE,
      comment = "#>"
    )
