Translation log
Final score: 0.900
Iterations:  1

============================================================
Entity: suppressPackageStartupMessages
  Name:  suppressPackageStartupMessages
  Kind:  FunctionCall
  Score: 1.000
  executed_ok:       True

  R:
    suppressPackageStartupMessages(library(googledrive))

============================================================
Entity: import_googledrive
  Name:  googledrive
  Kind:  LibraryImport
  Score: 1.000
  type_match:          1.000
  control_flow_match:  1.000
  executed_ok:       True

  R:
    suppressPackageStartupMessages(library(googledrive))

============================================================
Entity: drive_has_token
  Name:  drive_has_token
  Kind:  FunctionCall
  Score: 1.000
  side_effects:        1.000
  executed_ok:       True

  R:
    if (drive_has_token()) withAutoprint({ # examplesIf
  Python:
    def drive_has_token():
        """Checks if a Google Drive token is available."""
        # Simulating that a token exists to enter the if block, as per R example intent
        return True
    
    # r2py:entity:three_files (helper function)

============================================================
Entity: three_files
  Name:  three_files
  Kind:  Variable
  Score: 0.900
  control_flow_match:  1.000
  side_effects:        0.800
  executed_ok:       True

  R:
    three_files <- drive_find(n_max = 3)
  Python:
    def drive_find(n_max=3):
        """Finds files in Google Drive."""
        # Mocking the return of drive_find which returns a data frame/tibble of files
        data = {
            'id': ['id1', 'id2', 'id3'],
            'name': ['File 1', 'File 2', 'File 3'],
            'webViewLink': ['https://drive.google.com/file1', 'https://drive.google.com/file2', 'https://drive.google.com/file3']
        }
        df = pd.DataFrame(data)
        return df.head(n_max)
        three_files = drive_find(n_max=3)
    
        # get their browser links
        # r2py:entity:drive_link

============================================================
Entity: drive_link
  Name:  drive_link
  Kind:  FunctionCall
  Score: 0.800
  side_effects:        0.800
  executed_ok:       True

  R:
    drive_link(three_files)
  Python:
    def drive_link(files):
        """Returns the browser links for the specified files."""
        # R's drive_link returns the webViewLink column of the files
        return files['webViewLink']
    
    # Main execution
    # suppressPackageStartupMessages(library(googledrive)) is handled by imports
    
    if drive_has_token():
        # get a few files into a dribble
        # r2py:entity:three_files
        result = drive_link(three_files)
        print(result.to_string(index=False))
