Translation log
Final score: 0.868
Data score:  1.000
Iterations:  1

============================================================
Entity: suppressPackageStartupMessages
  Name:  suppressPackageStartupMessages
  Kind:  FunctionCall
  Score: 1.000
  executed_ok:       True

  R:
    suppressPackageStartupMessages(library(hardhat))

============================================================
Entity: import_hardhat
  Name:  hardhat
  Kind:  LibraryImport
  Score: 1.000
  type_match:          1.000
  control_flow_match:  1.000
  executed_ok:       True

  R:
    suppressPackageStartupMessages(library(hardhat))

============================================================
Entity: get_levels
  Name:  get_levels
  Kind:  FunctionCall
  Score: 0.993
  side_effects:        0.993
  executed_ok:       True

  R:
    get_levels(iris)
  Python:
    def get_levels(data: Any) -> Optional[dict]:
        if not isinstance(data, pd.DataFrame):
            return None
        
        levels_dict = {}
        for col_name in data.columns:
            col = data[col_name]
            if isinstance(col.dtype, pd.CategoricalDtype):
                levels_dict[col_name] = col.cat.categories.tolist()
            # In some cases, R factors are shimmed as objects/strings, 
            # but the logic should follow if they are categorical.
                
        if not levels_dict:
            return None
        
        return levels_dict
    iris_df = pd.DataFrame(iris)
    if 'Species' in iris_df.columns:
        iris_df['Species'] = iris_df['Species'].astype('category')
    
    # Factor columns are returned with their levels
    res1 = get_levels(iris_df)
    print(res1)
    
    # No factor columns

============================================================
Entity: get_levels_1
  Name:  get_levels
  Kind:  FunctionCall
  Score: 0.625
  side_effects:        0.625
  executed_ok:       True

  R:
    get_levels(mtcars)
  Python:
    mtcars_df = pd.DataFrame(mtcars)
    res2 = get_levels(mtcars_df)
    print(res2)
    
    # standardize() is first run on `y`
    # which converts the input to a data frame with an automatically named column, `.outcome`

============================================================
Entity: get_outcome_levels
  Name:  get_outcome_levels
  Kind:  FunctionCall
  Score: 0.986
  side_effects:        0.986
  executed_ok:       True

  R:
    get_outcome_levels(y = factor(letters[1:5]))
  Python:
    def standardize(y: Any) -> pd.DataFrame:
        if isinstance(y, (pd.Series, np.ndarray, list)):
            # Mimic R factor: convert to categorical
            series = pd.Series(y).astype('category')
            return pd.DataFrame({".outcome": series})
        elif isinstance(y, pd.DataFrame):
            return y
        else:
            # Fallback for other types
            series = pd.Series(y).astype('category')
            return pd.DataFrame({".outcome": series})
    
    def get_outcome_levels(y: Any) -> Optional[dict]:
        y_std = standardize(y)
        return get_levels(y_std)
    
    # --- Example Execution ---
    
    # Setup iris: Convert shim dict to DataFrame and make 'Species' categorical
    y_val = letters[0:5]
    res3 = get_outcome_levels(y=y_val)
    print(res3)
