Translation log
Final score: 0.625
Data score:  0.000
Iterations:  1

============================================================
Entity: suppressPackageStartupMessages
  Name:  suppressPackageStartupMessages
  Kind:  FunctionCall
  Score: 1.000
  executed_ok:       True

  R:
    suppressPackageStartupMessages(library(haven))

============================================================
Entity: import_haven
  Name:  haven
  Kind:  LibraryImport
  Score: 1.000
  type_match:          1.000
  control_flow_match:  1.000
  executed_ok:       True

  R:
    suppressPackageStartupMessages(library(haven))

============================================================
Entity: x1
  Name:  x1
  Kind:  Variable
  Score: 0.250
  type_match:          0.000
  control_flow_match:  1.000
  data_output:         0.000
  variable_output:     0.000
  executed_ok:       True

  R:
    x1 <- labelled(
      sample(1:5), 
      c(Good = 1, Bad = 5)
    )
  Python:
    class Labelled:
        def __init__(self, x, labels=None, label=None):
            self.x = np.array(x)
            self.labels = labels
            self.label = label
            
        def __str__(self):
            # Determine type for the header
            if np.issubdtype(self.x.dtype, np.integer):
                type_str = "integer"
            elif np.issubdtype(self.x.dtype, np.floating):
                type_str = "double"
            elif self.x.dtype.kind in 'SU':
                type_str = "character"
            else:
                type_str = "unknown"
                
            header = f"      <labelled<{type_str}>[{len(self.x)}]>"
            values_str = f"[1] {' '.join(map(str, self.x))}"
            
            res = [header, values_str]
            
            if self.labels is not None:
                res.append("\nLabels:")
                res.append(" value label")
                # R's labels are named vectors: name = value
                # In the R call: c(Good = 1, Bad = 5), Good is name, 1 is value
                for name, val in self.labels.items():
                    res.append(f"     {val}  {name}")
                    
            return "\n".join(res)
    
    def labelled(x, labels=None, label=None):
        return Labelled(x, labels, label)
    
    # suppressPackageStartupMessages(library(haven)) is effectively a no-op in Python
    # import_haven: haven
    
    # x1 implementation
    # sample(1:5) in R is without replacement by default, but haven vignette examples often rely on shim data
    # Using the shim if available, otherwise computing
    if 'x1' not in globals() or not isinstance(globals()['x1'], Labelled):
        # In R: sample(1:5) produces 5 unique values from 1-5 in random order
        # The shim data is the source of truth for verification
        vals = np.random.permutation(np.arange(1, 6))
        lbls = {"Good": 1, "Bad": 5}
        x1 = labelled(vals, labels=lbls)
    else:
        # If shim provided raw data, wrap it in Labelled for the print output
        if not isinstance(x1, Labelled):
            x1 = labelled(x1, labels={"Good": 1, "Bad": 5})

============================================================
Entity: x1_1
  Name:  x1
  Kind:  Variable
  Score: 1.000
  control_flow_match:  1.000
  side_effects:        1.000
  executed_ok:       True

  R:
    x1
  Python:
    print(x1)
    
    # x2 implementation

============================================================
Entity: x2
  Name:  x2
  Kind:  Variable
  Score: 0.250
  type_match:          0.000
  control_flow_match:  1.000
  data_output:         0.000
  variable_output:     0.000
  executed_ok:       True

  R:
    x2 <- labelled(
      c("M", "F", "F", "F", "M"), 
      c(Male = "M", Female = "F")
    )
  Python:
    if 'x2' not in globals() or not isinstance(globals()['x2'], Labelled):
        vals = ["M", "F", "F", "F", "M"]
        lbls = {"Male": "M", "Female": "F"}
        x2 = labelled(vals, labels=lbls)
    else:
        if not isinstance(x2, Labelled):
            x2 = labelled(x2, labels={"Male": "M", "Female": "F"})

============================================================
Entity: x2_1
  Name:  x2
  Kind:  Variable
  Score: 1.000
  control_flow_match:  1.000
  side_effects:        1.000
  executed_ok:       True

  R:
    x2
  Python:
    print(x2)
