Translation log
Final score: 1.000
Iterations:  0

============================================================
Entity: suppressPackageStartupMessages
  Name:  suppressPackageStartupMessages
  Kind:  FunctionCall
  Score: 1.000
  executed_ok:       True

  R:
    suppressPackageStartupMessages(library(httr))

============================================================
Entity: import_httr
  Name:  httr
  Kind:  LibraryImport
  Score: 1.000
  type_match:          1.000
  control_flow_match:  1.000
  executed_ok:       True

  R:
    suppressPackageStartupMessages(library(httr))

============================================================
Entity: f
  Name:  f
  Kind:  FunctionDef
  Score: 1.000
  type_match:          1.000
  executed_ok:       True

  R:
    f <- function(url) {
      tryCatch(stop_for_status(GET(url)),
        http_404 = function(c) "That url doesn't exist",
        http_403 = function(c) "You need to authenticate!",
        http_400 = function(c) "You made a mistake!",
        http_500 = function(c) "The server screwed up"
      )
    }
  Python:
    def f(url):
        try:
            response = requests.get(url)
            # raise_for_status() raises an HTTPError for 4xx or 5xx responses
            response.raise_for_status()
            return response
        except requests.exceptions.HTTPError as e:
            status_code = e.response.status_code
            # R's httr logic: match specific codes first, then general classes (400, 500)
            if status_code == 404:
                return "That url doesn't exist"
            elif status_code == 403:
                return "You need to authenticate!"
            elif status_code == 400:
                return "You made a mistake!"
            elif 400 <= status_code < 500:
                # This mimics the http_400 catch-all if specific 400 wasn't hit
                # but in the R example, http_400 usually refers to the 4xx class
                return "You made a mistake!"
            elif 500 <= status_code < 600:
                return "The server screwed up"
            else:
                return "An HTTP error occurred"
        except Exception as e:
            return str(e)

============================================================
Entity: f_1
  Name:  f
  Kind:  FunctionCall
  Score: 1.000
  side_effects:        1.000
  executed_ok:       True

  R:
    f("http://httpbin.org/status/404")
  Python:
    print(f("http://httpbin.org/status/404"))

============================================================
Entity: f_2
  Name:  f
  Kind:  FunctionCall
  Score: 1.000
  side_effects:        1.000
  executed_ok:       True

  R:
    f("http://httpbin.org/status/403")
  Python:
    print(f("http://httpbin.org/status/403"))

============================================================
Entity: f_3
  Name:  f
  Kind:  FunctionCall
  Score: 1.000
  side_effects:        1.000
  executed_ok:       True

  R:
    f("http://httpbin.org/status/505")
  Python:
    print(f("http://httpbin.org/status/505"))
