Translation log
Final score: 0.846
Data score:  0.691
Iterations:  1

============================================================
Entity: suppressPackageStartupMessages
  Name:  suppressPackageStartupMessages
  Kind:  FunctionCall
  Score: 1.000
  executed_ok:       True

  R:
    suppressPackageStartupMessages(library(pillar))

============================================================
Entity: import_pillar
  Name:  pillar
  Kind:  LibraryImport
  Score: 1.000
  type_match:          1.000
  control_flow_match:  1.000
  executed_ok:       True

  R:
    suppressPackageStartupMessages(library(pillar))

============================================================
Entity: is_installed
  Name:  is_installed
  Kind:  ExternalSymbol
  Score: 1.000
  executed_ok:       True

  R:
    if (rlang::is_installed(c("palmerpenguins", "tibble"))) withAutoprint({ # examplesIf

============================================================
Entity: setup
  Name:  setup
  Kind:  Variable
  Score: 0.537
  type_match:          0.382
  control_flow_match:  1.000
  data_output:         0.382
  variable_output:     0.382
  executed_ok:       True

  R:
    setup <- tbl_format_setup(palmerpenguins::penguins)
  Python:
    def tbl_format_setup(df):
        """
        Mimics pillar::tbl_format_setup by calculating basic metadata 
        about the dataframe for formatting.
        """
        return {
            'shape': df.shape,
            'columns': df.columns.tolist(),
            'df': df
        }
    setup = tbl_format_setup(df_penguins)
    
    # tbl_format_header(palmerpenguins::penguins, setup)

============================================================
Entity: tbl_format_header
  Name:  tbl_format_header
  Kind:  FunctionCall
  Score: 1.000
  side_effects:        1.000
  executed_ok:       True

  R:
    tbl_format_header(palmerpenguins::penguins, setup)
  Python:
    def tbl_format_header(x, setup=None):
        """
        Mimics pillar::tbl_format_header by printing the tibble-style 
        header summary: '# A tibble: rows × cols'
        """
        if setup is None:
            # If only setup is passed (as in the second R call), 
            # we extract the info from the setup object.
            if isinstance(x, dict) and 'shape' in x:
                setup = x
            else:
                # Handle cases where the first arg is meant to be the setup
                setup = x
        else:
            # If both df and setup are passed, use the setup
            pass
            
        # Ensure we have the shape from the setup object
        if isinstance(setup, dict) and 'shape' in setup:
            rows, cols = setup['shape']
            header = f"# A tibble: {rows} × {cols}"
            return header
        return ""
    
    # suppressPackageStartupMessages(library(pillar)) - No-op in Python
    
    # setup <- tbl_format_setup(palmerpenguins::penguins)
    res1 = tbl_format_header(df_penguins, setup)
    print(f"[1] \"{res1}\"")
    
    # Shortcut for debugging: tbl_format_header(setup)
    # The R output shows the call and then the result
    print("<tbl_format_header(setup)>")

============================================================
Entity: tbl_format_header_1
  Name:  tbl_format_header
  Kind:  FunctionCall
  Score: 1.000
  side_effects:        1.000
  executed_ok:       True

  R:
    tbl_format_header(setup)
  Python:
    res2 = tbl_format_header(setup)
    print(res2)
