Translation log
Final score: 0.890
Data score:  1.000
Iterations:  0

============================================================
Entity: suppressPackageStartupMessages
  Name:  suppressPackageStartupMessages
  Kind:  FunctionCall
  Score: 1.000
  executed_ok:       True

  R:
    suppressPackageStartupMessages(library(pillar))

============================================================
Entity: import_pillar
  Name:  pillar
  Kind:  LibraryImport
  Score: 1.000
  type_match:          1.000
  control_flow_match:  1.000
  executed_ok:       True

  R:
    suppressPackageStartupMessages(library(pillar))

============================================================
Entity: format_glimpse
  Name:  format_glimpse
  Kind:  FunctionCall
  Score: 1.000
  side_effects:        1.000
  executed_ok:       True

  R:
    format_glimpse(1:3)
  Python:
    def format_glimpse(x, inner=False):
        # Handle character/string types
        if isinstance(x, (str, np.ndarray)) and (isinstance(x, str) or (x.dtype.kind in 'SU')):
            # R's encodeString(quote="\"") wraps strings in double quotes
            if isinstance(x, str):
                return f'"{x}"'
            return np.array([f'"{val}"' for val in x])
    
        # Handle Factors (Categorical in pandas)
        if isinstance(x, pd.Categorical):
            # If any level contains a comma, quote them
            if any(',' in str(level) for level in x.categories):
                return np.array([f'"{val}"' for val in x])
            else:
                return np.array([str(val) for val in x])
    
        # Handle Lists
        if isinstance(x, list):
            if not inner and len(x) == 0:
                return "list()"
            
            res = []
            for item in x:
                # Recursive call
                formatted = format_glimpse(item, inner=True)
                
                # Logic to determine brackets:
                # R's format_glimpse.list logic:
                # - Lists use []
                # - Vectors (length > 1) use <>
                # - Scalars use no extra brackets
                
                if isinstance(item, list):
                    res.append(f"[{formatted}]")
                elif isinstance(item, (np.ndarray, range)) or (isinstance(item, list) and len(item) > 1):
                    # This part is tricky; if it's a simple sequence, wrap in <>
                    # In the provided R logic: out[!scalar] <- paste0("<", out[!scalar], ">")
                    # where scalar is true if length == 1
                    val_str = " ".join(map(str, item)) if hasattr(item, '__iter__') else str(item)
                    res.append(f"<{val_str}>")
                else:
                    res.append(str(item))
            
            # Join the list elements by comma for a a "glimpse" look
            return ", ".join(res)
    
        # Handle numeric vectors/arrays (Default)
        if isinstance(x, (np.ndarray, range, list)):
            # For simple numeric vectors like 1:3
            return " ".join(map(str, x))
        
        return str(x)
    print(format_glimpse(list(range(1, 4))))
    
    # Lists use [], vectors inside lists use <>

============================================================
Entity: format_glimpse_1
  Name:  format_glimpse
  Kind:  FunctionCall
  Score: 0.917
  side_effects:        0.917
  executed_ok:       True

  R:
    format_glimpse(list(1:3))
  Python:
    print(format_glimpse([list(range(1, 4))]))

============================================================
Entity: format_glimpse_2
  Name:  format_glimpse
  Kind:  FunctionCall
  Score: 0.917
  side_effects:        0.917
  executed_ok:       True

  R:
    format_glimpse(list(1, 2:3))
  Python:
    print(format_glimpse([1, list(range(2, 4))]))

============================================================
Entity: format_glimpse_3
  Name:  format_glimpse
  Kind:  FunctionCall
  Score: 0.800
  side_effects:        0.800
  executed_ok:       True

  R:
    format_glimpse(list(list(1), list(2:3)))
  Python:
    print(format_glimpse([[1], [list(range(2, 4))]]))

============================================================
Entity: format_glimpse_4
  Name:  format_glimpse
  Kind:  FunctionCall
  Score: 0.875
  side_effects:        0.875
  executed_ok:       True

  R:
    format_glimpse(list(as.list(1), as.list(2:3)))
  Python:
    print(format_glimpse([[1], [list(range(2, 4))]])) # R as.list(1) is just a list of 1

============================================================
Entity: format_glimpse_5
  Name:  format_glimpse
  Kind:  FunctionCall
  Score: 0.682
  side_effects:        0.682
  executed_ok:       True

  R:
    format_glimpse(list(character()))
  Python:
    print(format_glimpse([[]])) # character() is empty vector

============================================================
Entity: format_glimpse_6
  Name:  format_glimpse
  Kind:  FunctionCall
  Score: 0.600
  side_effects:        0.600
  executed_ok:       True

  R:
    format_glimpse(list(NULL))
  Python:
    print(format_glimpse([None])) # NULL
    
    # Character strings are always quoted

============================================================
Entity: writeLines
  Name:  writeLines
  Kind:  FunctionCall
  Score: 1.000
  side_effects:        1.000
  executed_ok:       True

  R:
    writeLines(format_glimpse(letters[1:3]))
  Python:
    def write_lines(text):
        if isinstance(text, np.ndarray):
            for line in text:
                print(line)
        elif isinstance(text, list):
            for line in text:
                print(line)
        else:
            print(text)
    
    # --- Translation of the script ---
    
    # format_glimpse(1:3)
    write_lines(format_glimpse(np.array(list(letters[0:3]))))

============================================================
Entity: writeLines_1
  Name:  writeLines
  Kind:  FunctionCall
  Score: 1.000
  side_effects:        1.000
  executed_ok:       True

  R:
    writeLines(format_glimpse(c("A", "B, C")))
  Python:
    write_lines(format_glimpse(np.array(["A", "B, C"])))
    
    # Factors are quoted only when needed
    # Case 1: No commas in levels -> not quoted

============================================================
Entity: writeLines_2
  Name:  writeLines
  Kind:  FunctionCall
  Score: 1.000
  side_effects:        1.000
  executed_ok:       True

  R:
    writeLines(format_glimpse(factor(letters[1:3])))
  Python:
    factor1 = pd.Categorical(list(letters[0:3]))
    write_lines(format_glimpse(factor1))
    
    # Case 2: Comma in levels -> quoted

============================================================
Entity: writeLines_3
  Name:  writeLines
  Kind:  FunctionCall
  Score: 1.000
  side_effects:        1.000
  executed_ok:       True

  R:
    writeLines(format_glimpse(factor(c("A", "B, C"))))
  Python:
    factor2 = pd.Categorical(["A", "B, C"])
    write_lines(format_glimpse(factor2))
