Translation log
Final score: 0.549
Data score:  1.000
Iterations:  1

============================================================
Entity: suppressPackageStartupMessages
  Name:  suppressPackageStartupMessages
  Kind:  FunctionCall
  Score: 1.000
  executed_ok:       True

  R:
    suppressPackageStartupMessages(library(plyr))

============================================================
Entity: import_plyr
  Name:  plyr
  Kind:  LibraryImport
  Score: 1.000
  type_match:          1.000
  control_flow_match:  1.000
  executed_ok:       True

  R:
    suppressPackageStartupMessages(library(plyr))

============================================================
Entity: splitter_a
  Name:  splitter_a
  Kind:  ExternalSymbol
  Score: 0.711
  side_effects:        0.711
  executed_ok:       True

  R:
    plyr:::splitter_a(mtcars, 1)
  Python:
    def splitter_a(data, axis):
        """
        Splits the data along the specified axis into a list of dataframes/arrays.
        R's plyr:::splitter_a behavior:
        - Returns a list of objects.
        - axis 1 = rows, axis 2 = cols for DataFrames.
        - axis 1, 2, 3... for arrays.
        """
        if isinstance(axis, (list, np.ndarray, range)):
            all_res = []
            for a in axis:
                res = splitter_a(data, a)
                all_res.extend(res)
            return all_res
    
        if isinstance(data, pd.DataFrame):
            if axis == 1:
                # Split by rows: list of 1-row DFs
                return [data.iloc[[i]] for i in range(len(data))]
            elif axis == 2:
                # Split by columns: list of 1-col DFs
                return [data.iloc[:, [i]] for i in range(data.shape[1])]
            else:
                return []
    
        elif isinstance(data, (np.ndarray, list)):
            arr = np.array(data)
            # R axes are 1-indexed
            ax_idx = axis - 1
            if ax_idx < 0 or ax_idx >= arr.ndim:
                return []
            
            # Split along the specified axis
            return np.split(arr, arr.shape[ax_idx], axis=ax_idx)
        
        return []
    
    # Process mtcars
    # R's mtcars has row names. The shim provides it as a dict.
    # To handle row names, we check if the shim data provides them or 
    # we need to simulate them if we had them. Given the shim:
    df_mtcars = pd.DataFrame(mtcars)
    # The R output shows row names like 'Mazda RX4'. 
    # Since the shim is just the data, we assume the index corresponds to them.
    # In a real scenario, we'd load them from the shim's index.
    # For the purpose of this translation, let's use the provided data.
    # To better match R's print, we can try to restore row names if they are in the shim.
    # Since we can't change the shim, we use the DataFrame.
    
    # Process ozone
    # The verification shows ozone is handled as an array/matrix.
    arr_ozone = np.array(ozone)
    
    # R: plyr:::splitter_a(mtcars, 1)
    res_a = splitter_a(df_mtcars, 1)
    for i, df in enumerate(res_a, 1):
        print(f"$`{i}`")
        print(df)
        print()
    
    # R: plyr:::splitter_a(mtcars, 2)

============================================================
Entity: splitter_a_1
  Name:  splitter_a
  Kind:  ExternalSymbol
  Score: 0.521
  side_effects:        0.521
  executed_ok:       True

  R:
    plyr:::splitter_a(mtcars, 2)
  Python:
    res_a1 = splitter_a(df_mtcars, 2)
    for i, df in enumerate(res_a1, 1):
        print(f"$`{i}`")
        print(df)
        print()
    
    # R: plyr:::splitter_a(ozone, 2)

============================================================
Entity: splitter_a_2
  Name:  splitter_a
  Kind:  ExternalSymbol
  Score: 0.503
  side_effects:        0.503
  executed_ok:       True

  R:
    plyr:::splitter_a(ozone, 2)
  Python:
    res_a2 = splitter_a(arr_ozone, 2)
    for i, arr in enumerate(res_a2, 1):
        print(f"$`{i}`")
        # R prints these as matrices. Pandas DataFrame is closer to R's matrix print.
        print(pd.DataFrame(arr.squeeze()))
        print()
    
    # R: plyr:::splitter_a(ozone, 3)

============================================================
Entity: splitter_a_3
  Name:  splitter_a
  Kind:  ExternalSymbol
  Score: 0.502
  side_effects:        0.502
  executed_ok:       True

  R:
    plyr:::splitter_a(ozone, 3)
  Python:
    res_a3 = splitter_a(arr_ozone, 3)
    for i, arr in enumerate(res_a3, 1):
        print(f"$`{i}`")
        print(pd.DataFrame(arr.squeeze()))
        print()
    
    # R: plyr:::splitter_a(ozone, 1:2)

============================================================
Entity: splitter_a_4
  Name:  splitter_a
  Kind:  ExternalSymbol
  Score: 0.507
  side_effects:        0.507
  executed_ok:       True

  R:
    plyr:::splitter_a(ozone, 1:2)
  Python:
    res_a4 = splitter_a(arr_ozone, np.arange(1, 3))
    for i, arr in enumerate(res_a4, 1):
        print(f"$`{i}`")
        print(pd.DataFrame(arr.squeeze()))
        print()
