Translation log
Final score: 1.000
Data score:  1.000
Iterations:  1

============================================================
Entity: suppressPackageStartupMessages
  Name:  suppressPackageStartupMessages
  Kind:  FunctionCall
  Score: 1.000
  executed_ok:       True

  R:
    suppressPackageStartupMessages(library(purrr))

============================================================
Entity: import_purrr
  Name:  purrr
  Kind:  LibraryImport
  Score: 1.000
  type_match:          1.000
  control_flow_match:  1.000
  executed_ok:       True

  R:
    suppressPackageStartupMessages(library(purrr))

============================================================
Entity: x
  Name:  x
  Kind:  Variable
  Score: 1.000
  type_match:          1.000
  control_flow_match:  1.000
  data_output:         1.000
  variable_output:     1.000
  executed_ok:       True

  R:
    x <- list(a = 1, b = 2)
  Python:
    x = {"a": 1, "b": 2}
    
    # When indexing an element that doesn't exist `[[` sometimes returns NULL:
    # R's x[["y"]] returns NULL
    try:
        print(x["y"])
    except KeyError:
        print("NULL")
    
    # and sometimes errors:
    # try(x[[3]])

============================================================
Entity: try
  Name:  try
  Kind:  FunctionCall
  Score: 1.000
  side_effects:        1.000
  executed_ok:       True

  R:
    try(x[[3]])
  Python:
    try:
        # In R, lists can be indexed by position. Python dicts cannot.
        # We simulate the R list indexing error here.
        x_list = list(x.values())
        print(x_list[2]) # Index 3 in R is index 2 in Python
    except (IndexError, KeyError):
        pass
    
    # chuck() consistently errors:

============================================================
Entity: try_1
  Name:  try
  Kind:  FunctionCall
  Score: 1.000
  executed_ok:       True

  R:
    try(chuck(x, "y"))
  Python:
    def chuck(d, key):
        """
        Mimics purrr::chuck.
        Unlike [[, chuck() always errors if the element is missing.
        """
        if isinstance(d, dict):
            return d[key]
        elif isinstance(d, (list, tuple)):
            # R indices are 1-based
            return d[key - 1]
        else:
            raise TypeError("Object is not indexable")
    
    # try(chuck(x, "y"))
    try:
        chuck(x, "y")
    except Exception as e:
        # R's try() prints the error if it occurs
        print(e)
    
    # try(chuck(x, 3))

============================================================
Entity: try_2
  Name:  try
  Kind:  FunctionCall
  Score: 1.000
  executed_ok:       True

  R:
    try(chuck(x, 3))
  Python:
    try:
        chuck(x, 3)
    except Exception as e:
        print(e)
