Translation log
Final score: 0.932
Data score:  1.000
Iterations:  1

============================================================
Entity: suppressPackageStartupMessages
  Name:  suppressPackageStartupMessages
  Kind:  FunctionCall
  Score: 0.933
  type_match:          1.000
  control_flow_match:  1.000
  data_output:         1.000
  variable_output:     1.000
  callable_output:     1.000
  side_effects:        0.600
  executed_ok:       True

  R:
    suppressPackageStartupMessages(library(recipes))

============================================================
Entity: import_recipes
  Name:  recipes
  Kind:  LibraryImport
  Score: 0.920
  type_match:          1.000
  control_flow_match:  1.000
  data_output:         1.000
  variable_output:     1.000
  side_effects:        0.600
  executed_ok:       True

  R:
    suppressPackageStartupMessages(library(recipes))

============================================================
Entity: recipe
  Name:  recipe
  Kind:  FunctionCall
  Score: 0.933
  type_match:          1.000
  control_flow_match:  1.000
  data_output:         1.000
  variable_output:     1.000
  callable_output:     1.000
  side_effects:        0.600
  executed_ok:       True

  R:
    recipe( ~ ., data = iris) |> 
  Python:
    class Recipe:
        def __init__(self, formula, data):
            self.formula = formula
            self.data = pd.DataFrame(data)
            self.steps = []
            # Default roles: in recipes, usually everything is a 'predictor' except target
            self.var_info = pd.DataFrame({
                'variable': self.data.columns,
                'role': 'predictor'
            })
    rec1 = Recipe(None, iris)

============================================================
Entity: step_dummy
  Name:  step_dummy
  Kind:  FunctionCall
  Score: 0.933
  type_match:          1.000
  control_flow_match:  1.000
  data_output:         1.000
  variable_output:     1.000
  callable_output:     1.000
  side_effects:        0.600
  executed_ok:       True

  R:
      step_dummy(Species) |> 
  Python:
        def step_dummy(self, vars, role='predictor'):
            # Store the step definition
            self.steps.append({'type': 'dummy', 'vars': vars, 'role': role})
            return self
    rec1.step_dummy(['Species'])

============================================================
Entity: prep
  Name:  prep
  Kind:  FunctionCall
  Score: 0.933
  type_match:          1.000
  control_flow_match:  1.000
  data_output:         1.000
  variable_output:     1.000
  callable_output:     1.000
  side_effects:        0.600
  executed_ok:       True

  R:
      prep() |> 
  Python:
        def prep(self):
            # In this simplified version, prep just validates the pipeline
            # and determines the levels for the dummy variables
            self.trained_steps = []
            for step in self.steps:
                if step['type'] == 'dummy':
                    for var in step['vars']:
                        levels = sorted(self.data[var].unique())
                        # R's step_dummy typically drops the first level (contr.treatment)
                        # So we store the levels that will become columns
                        dummy_cols = [f"{var}_{lvl}" for lvl in levels[1:]]
                        self.trained_steps.append({
                            'type': 'dummy', 
                            'var': var, 
                            'cols': dummy_cols, 
                            'role': step['role']
                        })
            return self
    rec1.prep()

============================================================
Entity: bake
  Name:  bake
  Kind:  FunctionCall
  Score: 0.933
  type_match:          1.000
  control_flow_match:  1.000
  data_output:         1.000
  variable_output:     1.000
  callable_output:     1.000
  side_effects:        0.600
  executed_ok:       True

  R:
      bake(new_data = NULL, all_predictors()) |> 
  Python:
        def bake(self, new_data=None, selection=None):
            data = self.data.copy() if new_data is None else new_data.copy()
            
            # Execute dummy steps
            for step in self.trained_steps:
                var = step['var']
                levels = sorted(self.data[var].unique())
                # Create dummies and drop first
                dummies = pd.get_dummies(data[var], prefix=var)
                # Align with R's treatment contrast (drop first)
                # We need to ensure we keep the same columns as determined in prep
                cols_to_keep = step['cols']
                # Filter dummies to match expected columns
                dummies = dummies[[c for c in dummies.columns if c in cols_to_keep]]
                
                data = pd.concat([data, dummies], axis=1)
                # Update var_info for new columns
                new_info = pd.DataFrame({
                    'variable': cols_to_keep,
                    'role': step['role']
                })
                self.var_info = pd.concat([self.var_info, new_info], ignore_index=True)
    
            # Handle selection based on role or predictor
            if selection is not None:
                if callable(selection):
                    # Handle has_role() and all_predictors()
                    selected_vars = selection(self.var_info)
                    data = data[selected_vars]
                else:
                    data = data[selection]
            
            return data
    def all_predictors(var_info):
        return var_info[var_info['role'] == 'predictor']['variable'].tolist()
    baked1 = rec1.bake(selection=all_predictors)
    # dplyr::select(starts_with("Species"))

============================================================
Entity: select
  Name:  select
  Kind:  ExternalSymbol
  Score: 0.933
  type_match:          1.000
  control_flow_match:  1.000
  data_output:         1.000
  variable_output:     1.000
  callable_output:     1.000
  side_effects:        0.600
  executed_ok:       True

  R:
      dplyr::select(starts_with("Species")) |> 
  Python:
    cols_first = [col for col in baked1.columns if col.startswith('Species')]

============================================================
Entity: names
  Name:  names
  Kind:  FunctionCall
  Score: 0.933
  type_match:          1.000
  control_flow_match:  1.000
  data_output:         1.000
  variable_output:     1.000
  callable_output:     1.000
  side_effects:        0.600
  executed_ok:       True

  R:
      names()
  Python:
    print(f"[1] {' '.join(map(repr, cols_first))}")
    
    # block 2
    # recipe( ~ ., data = iris) |> step_dummy(Species, role = "trousers") |> prep() |> bake(new_data = NULL, has_role("trousers")) |> names()

============================================================
Entity: recipe_1
  Name:  recipe
  Kind:  FunctionCall
  Score: 0.933
  type_match:          1.000
  control_flow_match:  1.000
  data_output:         1.000
  variable_output:     1.000
  callable_output:     1.000
  side_effects:        0.600
  executed_ok:       True

  R:
    recipe( ~ ., data = iris) |> 
  Python:
    rec2 = Recipe(None, iris)

============================================================
Entity: step_dummy_1
  Name:  step_dummy
  Kind:  FunctionCall
  Score: 0.933
  type_match:          1.000
  control_flow_match:  1.000
  data_output:         1.000
  variable_output:     1.000
  callable_output:     1.000
  side_effects:        0.600
  executed_ok:       True

  R:
      step_dummy(Species, role = "trousers") |> 
  Python:
    rec2.step_dummy(['Species'], role='trousers')

============================================================
Entity: prep_1
  Name:  prep
  Kind:  FunctionCall
  Score: 0.933
  type_match:          1.000
  control_flow_match:  1.000
  data_output:         1.000
  variable_output:     1.000
  callable_output:     1.000
  side_effects:        0.600
  executed_ok:       True

  R:
      prep() |> 
  Python:
    rec2.prep()

============================================================
Entity: bake_1
  Name:  bake
  Kind:  FunctionCall
  Score: 0.933
  type_match:          1.000
  control_flow_match:  1.000
  data_output:         1.000
  variable_output:     1.000
  callable_output:     1.000
  side_effects:        0.600
  executed_ok:       True

  R:
      bake(new_data = NULL, has_role("trousers")) |> 
  Python:
    def has_role(role_name):
        def selector(var_info):
            return var_info[var_info['role'] == role_name]['variable'].tolist()
        return selector
    
    # block 1
    # recipe( ~ ., data = iris) |> step_dummy(Species) |> prep() |> bake(new_data = NULL, all_predictors()) |> dplyr::select(starts_with("Species")) |> names()
    baked2 = rec2.bake(selection=has_role('trousers'))

============================================================
Entity: names_1
  Name:  names
  Kind:  FunctionCall
  Score: 0.933
  type_match:          1.000
  control_flow_match:  1.000
  data_output:         1.000
  variable_output:     1.000
  callable_output:     1.000
  side_effects:        0.600
  executed_ok:       True

  R:
      names()
  Python:
    cols_second = baked2.columns.tolist()
    print(f"[1] {' '.join(map(repr, cols_second))}")
