Translation log
Final score: 0.871
Iterations:  0

============================================================
Entity: suppressPackageStartupMessages
  Name:  suppressPackageStartupMessages
  Kind:  FunctionCall
  Score: 1.000
  executed_ok:       True

  R:
    suppressPackageStartupMessages(library(rlang))

============================================================
Entity: import_rlang
  Name:  rlang
  Kind:  LibraryImport
  Score: 1.000
  type_match:          1.000
  control_flow_match:  1.000
  executed_ok:       True

  R:
    suppressPackageStartupMessages(library(rlang))

============================================================
Entity: switch_type
  Name:  switch_type
  Kind:  FunctionCall
  Score: 1.000
  side_effects:        1.000
  executed_ok:       True

  R:
    switch_type(3L,
      double = "foo",
      integer = "bar",
      "default"
    )
  Python:
    def switch_type(val, **kwargs):
        """
        Simplified Python implementation of rlang::switch_type.
        Maps a value's type to a specific result based on provided keyword arguments.
        """
        # Determine the type string based on Python's type system
        if isinstance(val, int) and not isinstance(val, bool):
            t = "integer"
        elif isinstance(val, float):
            t = "double"
        elif isinstance(val, str):
            t = "character"
        elif callable(val):
            # Check if it's a built-in function (similar to primitive)
            t = "primitive" if hasattr(val, '__name__') and (val.__module__ == 'builtins' or val.__module__ == 'rlang') else "function"
        else:
            t = type(val).__name__
    
        # Handle special case for 'string' alias to 'character'
        if t == "character" and "string" in kwargs and "character" not in kwargs:
            t = "string"
    
        # Return the mapped value or the 'default' key
        return kwargs.get(t, kwargs.get("default", "default"))
    print(switch_type(3, double="foo", integer="bar", default="default"))
    
    # to_chr <- function(x) { ... }

============================================================
Entity: to_chr
  Name:  to_chr
  Kind:  FunctionDef
  Score: 1.000
  type_match:          1.000
  executed_ok:       True

  R:
    to_chr <- function(x) {
      coerce_type(x, "a chr",
        integer = as.character(x),
        double = as.character(x)
      )
    }
  Python:
    def coerce_type(x, label, **mapping):
        """
        Simplified Python implementation of coerce_type.
        """
        t = "integer" if isinstance(x, int) else "double" if isinstance(x, float) else "character"
        if t in mapping:
            return mapping[t](x)
        raise TypeError(f"Cannot coerce {label} from type {t}")
    
    # --- Execution ---
    
    # switch_type(3L, double = "foo", integer = "bar", "default")
    def to_chr(x):
        return coerce_type(x, "a chr", 
                           integer=lambda v: str(v), 
                           double=lambda v: str(v))

============================================================
Entity: to_chr_1
  Name:  to_chr
  Kind:  FunctionCall
  Score: 1.000
  side_effects:        1.000
  executed_ok:       True

  R:
    to_chr(3L)
  Python:
    print(to_chr(3))
    
    # switch_type("str", character = "foo", string = "bar", "default")

============================================================
Entity: switch_type_1
  Name:  switch_type
  Kind:  FunctionCall
  Score: 0.500
  side_effects:        0.500
  executed_ok:       True

  R:
    switch_type("str",
      character = "foo",
      string = "bar",
      "default"
    )
  Python:
    print(switch_type("str", character="foo", string="bar", default="default"))
    
    # switch_type("str", string = , character = "foo", "default")
    # In Python, we use None to represent the empty assignment in R

============================================================
Entity: switch_type_2
  Name:  switch_type
  Kind:  FunctionCall
  Score: 1.000
  side_effects:        1.000
  executed_ok:       True

  R:
    switch_type("str",
      string = ,
      character = "foo",
      "default"
    )
  Python:
    print(switch_type("str", string=None, character="foo", default="default"))
    
    # switch_type(base::list, primitive = "foo", "default")
    # Using list as a type object

============================================================
Entity: switch_type_3
  Name:  switch_type
  Kind:  FunctionCall
  Score: 1.000
  side_effects:        1.000
  executed_ok:       True

  R:
    switch_type(base::list,
      primitive = "foo",
      "default"
    )
  Python:
    print(switch_type(list, primitive="foo", default="default"))
    
    # switch_type(base::`, primitive = "foo", "default")
    # Python doesn't have the exact equivalent of $, using a lambda or getattr

============================================================
Entity: switch_type_4
  Name:  switch_type
  Kind:  FunctionCall
  Score: 0.600
  side_effects:        0.600
  executed_ok:       True

  R:
    switch_type(base::`$`,
      primitive = "foo",
      "default"
    )
  Python:
    print(switch_type(getattr(pd.DataFrame, 'iloc'), primitive="foo", default="default"))
    
    # switch_type(rlang::switch_type, primitive = "foo", "default")

============================================================
Entity: switch_type_5
  Name:  switch_type
  Kind:  FunctionCall
  Score: 1.000
  side_effects:        1.000
  executed_ok:       True

  R:
    switch_type(rlang::switch_type,
      primitive = "foo",
      "default"
    )
  Python:
    print(switch_type(switch_type, primitive="foo", default="default"))
