Translation log
Final score: 0.910
Data score:  1.000
Iterations:  0

============================================================
Entity: suppressPackageStartupMessages
  Name:  suppressPackageStartupMessages
  Kind:  FunctionCall
  Score: 1.000
  executed_ok:       True

  R:
    suppressPackageStartupMessages(library(shape))

============================================================
Entity: import_shape
  Name:  shape
  Kind:  LibraryImport
  Score: 1.000
  type_match:          1.000
  control_flow_match:  1.000
  executed_ok:       True

  R:
    suppressPackageStartupMessages(library(shape))

============================================================
Entity: filled.contour
  Name:  filled.contour
  Kind:  FunctionCall
  Score: 0.879
  side_effects:        0.879
  executed_ok:       True

  R:
    filled.contour(volcano, color = graycol, asp = 1, main = "greycol,graycol")
  Python:
    plt.figure()
    cmap = LinearSegmentedColormap.from_list("greycol", graycol(100), N=100)
    plt.contourf(volcano, cmap=cmap)
    plt.gca().set_aspect('equal') # asp = 1
    plt.title("greycol,graycol")
    plt.colorbar()
    plt.show()
    
    # graycol(10)

============================================================
Entity: graycol
  Name:  graycol
  Kind:  FunctionCall
  Score: 0.924
  side_effects:        0.924
  executed_ok:       True

  R:
    graycol(10)
  Python:
    def graycol(n=100, interval=(0, 0.7)):
        """
        Produces a sequence of grey colors.
        R's graycol calls shadepalette which interpolates between white and black 
        within the specified interval.
        """
        # In R, graycol(n, interval=c(0, 0.7)) interpolates from white (0) to black (1)
        # but only uses the segment of the gradient defined by interval.
        # Since it's a grey scale, we can simply map the interval [0, 0.7] to [1, 0] in luminosity.
        
        # Map the interval to a range of greys. 
        # R: inicol="white" (1.0), endcol="black" (0.0)
        # interval [0, 0.7] means we take values from 1.0 down to (1.0 - 0.7) = 0.3
        start_grey = 1.0 - interval[0]
        end_grey = 1.0 - interval[1]
        
        vals = np.linspace(start_grey, end_grey, n)
        return [f"#{int(v*255):02x}{int(v*255):02x}{int(v*255):02x}" for v in vals]
    
    # Mocking R's 'volcano' dataset
    # volcano is an 87x87 matrix of elevation data
    from statsmodels.datasets import get_rdataset
    
    # filled.contour(volcano, color = graycol, asp = 1, main = "greycol,graycol")
    print(graycol(10))
    
    # image(matrix(nrow = 1, ncol = 100, data = 1:100), col = graycol(100), main = "greycol,graycol")

============================================================
Entity: image
  Name:  image
  Kind:  FunctionCall
  Score: 0.926
  side_effects:        0.926
  executed_ok:       True

  R:
    image(
          matrix(nrow = 1, ncol = 100, data = 1:100),
          col = graycol(100),
          main = "greycol,graycol"
    )
  Python:
    data_matrix = np.arange(1, 101).reshape(1, 100)
    plt.figure()
    # For image(), we create a custom cmap from the colors returned by graycol
    custom_cmap = LinearSegmentedColormap.from_list("greycol_image", graycol(100))
    plt.imshow(data_matrix, aspect='auto', cmap=custom_cmap)
    plt.title("greycol,graycol")
    plt.axis('off')
    plt.show()
