Translation log
Final score: 1.000
Iterations:  1

============================================================
Entity: suppressPackageStartupMessages
  Name:  suppressPackageStartupMessages
  Kind:  FunctionCall
  Score: 1.000
  executed_ok:       True

  R:
    suppressPackageStartupMessages(library(shiny))

============================================================
Entity: import_shiny
  Name:  shiny
  Kind:  LibraryImport
  Score: 1.000
  type_match:          1.000
  control_flow_match:  1.000
  executed_ok:       True

  R:
    suppressPackageStartupMessages(library(shiny))

============================================================
Entity: interactive
  Name:  interactive
  Kind:  FunctionCall
  Score: 1.000
  executed_ok:       True

  R:
    if (interactive()) {

============================================================
Entity: shinyApp
  Name:  shinyApp
  Kind:  FunctionCall
  Score: 1.000
  executed_ok:       True

  R:
      shinyApp(
        ui = fluidPage(
          sidebarLayout(
            sidebarPanel(
              p("The first slider controls the second"),
              sliderInput("control", "Controller:", min=0, max=20, value=10,
                           step=1),
              sliderInput("receive", "Receiver:", min=0, max=20, value=10,
                           step=1)
            ),
            mainPanel()
          )
        ),
        server = function(input, output, session) {
          observe({
            val <- input$control
            # Control the value, min, max, and step.
            # Step size is 2 when input value is even; 1 when value is odd.
            updateSliderInput(session, "receive", value = val,
              min = floor(val/2), max = val+4, step = (val+1)%%2 + 1)
          })
        }
      )
  Python:
    app_ui = ui.page_fluid(
        ui.layout_sidebar(
            ui.sidebar(
                ui.markdown("The first slider controls the second"),
                ui.input_slider("control", "Controller:", min=0, max=20, value=10, step=1),
                ui.input_slider("receive", "Receiver:", min=0, max=20, value=10, step=1),
            ),
            # The main panel in layout_sidebar is just the second positional argument.
            # If empty in R (mainPanel()), we provide an empty div or nothing.
            ui.div() 
        )
    )
    
    def server(input, output, session):
        @reactive.effect
        def _():
            val = input.control()
            # Step size is 2 when input value is even; 1 when value is odd.
            # R: (val+1)%%2 + 1
            step_val = ((val + 1) % 2) + 1
            
            # Correct Python method to update slider inputs: ui.update_slider
            ui.update_slider(
                "receive",
                value=val,
                min=val // 2,
                max=val + 4,
                step=step_val
            )
    
    app = App(app_ui, server)
