Translation log
Final score: 0.577
Iterations:  1

============================================================
Entity: suppressPackageStartupMessages
  Name:  suppressPackageStartupMessages
  Kind:  FunctionCall
  Score: 1.000
  executed_ok:       True

  R:
    suppressPackageStartupMessages(library(stringi))

============================================================
Entity: import_stringi
  Name:  stringi
  Kind:  LibraryImport
  Score: 1.000
  type_match:          1.000
  control_flow_match:  1.000
  executed_ok:       True

  R:
    suppressPackageStartupMessages(library(stringi))

============================================================
Entity: stri_timezone_info
  Name:  stri_timezone_info
  Kind:  FunctionCall
  Score: 0.576
  side_effects:        0.576
  executed_ok:       True

  R:
    stri_timezone_info()
  Python:
    def get_timezone_info(zone_name):
        try:
            tz = pytz.timezone(zone_name)
            # simulate the metadata structure
            return {
                "zone": zone_name,
                "offset": tz.utcoffset(datetime.now()),
                "dst": tz.dst(datetime.now()),
                "name": tz.zone
            }
        except pytz.UnknownTimeZoneError:
            return None
    
    # Simulate stri_timezone_info()
    print(get_timezone_info('UTC'))
    
    # Simulate stri_timezone_info(locale='sk_SK')
    # (Python handles locale for time via the locale module, but pytz provides the zone data)

============================================================
Entity: stri_timezone_info_1
  Name:  stri_timezone_info
  Kind:  FunctionCall
  Score: 0.577
  side_effects:        0.577
  executed_ok:       True

  R:
    stri_timezone_info(locale='sk_SK')
  Python:
    print(get_timezone_info('UTC')) 
    
    # Simulate the sapply loop for 'Europe/London'

============================================================
Entity: sapply
  Name:  sapply
  Kind:  FunctionCall
  Score: 0.579
  side_effects:        0.579
  executed_ok:       True

  R:
    sapply(c('short', 'long', 'generic_short', 'generic_long',
             'gmt_short', 'gmt_long', 'common', 'generic_location'),
      function(e) stri_timezone_info('Europe/London', display_type=e))
  Python:
    display_types = ['short', 'long', 'generic_short', 'generic_long', 
                     'gmt_short', 'gmt_long', 'common', 'generic_location']
    
    tz_london = pytz.timezone('Europe/London')
    now = datetime.now()
    
    results = {}
    for e in display_types:
        # In Python, we map these requested "display types" to the available 
        # attributes of the timezone object
        if e == 'short':
            results[e] = tz_london.zone
        elif e == 'long':
            results[e] = f"Timezone: {tz_london.zone}"
        else:
            results[e] = "Not available in pytz"
    
    print(pd.Series(results))
