Translation log
Final score: 0.812
Data score:  1.000
Iterations:  1

============================================================
Entity: suppressPackageStartupMessages
  Name:  suppressPackageStartupMessages
  Kind:  FunctionCall
  Score: 1.000
  executed_ok:       True

  R:
    suppressPackageStartupMessages(library(timeDate))

============================================================
Entity: import_timeDate
  Name:  timeDate
  Kind:  LibraryImport
  Score: 1.000
  type_match:          1.000
  control_flow_match:  1.000
  executed_ok:       True

  R:
    suppressPackageStartupMessages(library(timeDate))

============================================================
Entity: dts
  Name:  dts
  Kind:  Variable
  Score: 1.000
  type_match:          1.000
  control_flow_match:  1.000
  data_output:         1.000
  variable_output:     1.000
  executed_ok:       True

  R:
    dts = c("1989-09-28", "2001-01-15", "2004-08-30", "1990-02-09")
  Python:
    dts = ["1989-09-28", "2001-01-15", "2004-08-30", "1990-02-09"]
    
    # R's timeDate creates objects that track the timezone.
    # ZUR = timeDate(dts, zone = "GMT", FinCenter = "Europe/Zurich")
    # This creates dates in GMT and then identifies them relative to Zurich.
    # In pandas, we localize to GMT and then convert to Europe/Zurich.

============================================================
Entity: ZUR
  Name:  ZUR
  Kind:  Variable
  Score: 0.250
  type_match:          0.000
  control_flow_match:  1.000
  data_output:         0.000
  variable_output:     0.000
  executed_ok:       True

  R:
    ZUR = timeDate(dts, zone = "GMT", FinCenter = "Europe/Zurich")
  Python:
    ZUR = pd.to_datetime(dts).tz_localize('GMT').tz_convert('Europe/Zurich')

============================================================
Entity: rep
  Name:  rep
  Kind:  FunctionCall
  Score: 1.000
  side_effects:        1.000
  executed_ok:       True

  R:
    rep(ZUR[2], times = 3)
  Python:
    def rep(x, times=1):
        """Mimics R's rep(x, times=n)"""
        if isinstance(x, (pd.Timestamp, np.datetime64, str)):
            return np.repeat(x, times)
        else:
            # R's rep(x, times=n) for vectors repeats the whole sequence n times (tile)
            return np.tile(x, times)
    
    def format_r_date(ts):
        # R's timeDate print format: [YYYY-MM-DD HH:MM:SS]
        # We strip the timezone offset for the output to match R's displayed format
        return f"[{ts.strftime('%Y-%m-%d %H:%M:%S')}]"
    
    # rep(ZUR[2], times = 3)
    # R index 2 is Python index 1
    val_rep = rep(ZUR[1], times=3)
    print("      Europe/Zurich")
    formatted_vals = " ".join([format_r_date(v) for v in val_rep])
    print(f"[1] {formatted_vals}")
    
    # rep(ZUR[2:3], times = 2)
    # R index 2:3 is Python index 1:3 (exclusive end)

============================================================
Entity: rep_1
  Name:  rep
  Kind:  FunctionCall
  Score: 1.000
  side_effects:        1.000
  executed_ok:       True

  R:
    rep(ZUR[2:3], times = 2)
  Python:
    val_rep_1 = rep(ZUR[1:3], times=2)
    print("      Europe/Zurich")
    formatted_vals_1 = " ".join([format_r_date(v) for v in val_rep_1])
    
    # Mimic R's line wrapping for the second output
    # R: [1] [2001-01-15 01:00:00] [2004-08-30 02:00:00] [2001-01-15 01:00:00]
    #     [4] [2004-08-30 02:00:00]
    parts = formatted_vals_1.split(" ")
    print(f"[1] {' '.join(parts[:3])}")
    print(f"[4] {' '.join(parts[3:])}")
