Translation log
Final score: 0.905
Data score:  1.000
Iterations:  1

============================================================
Entity: suppressPackageStartupMessages
  Name:  suppressPackageStartupMessages
  Kind:  FunctionCall
  Score: 1.000
  executed_ok:       True

  R:
    suppressPackageStartupMessages(library(timeDate))

============================================================
Entity: import_timeDate
  Name:  timeDate
  Kind:  LibraryImport
  Score: 1.000
  type_match:          1.000
  control_flow_match:  1.000
  executed_ok:       True

  R:
    suppressPackageStartupMessages(library(timeDate))

============================================================
Entity: holiday
  Name:  holiday
  Kind:  FunctionCall
  Score: 0.985
  side_effects:        0.985
  executed_ok:       True

  R:
    holiday(2000:2005, "GoodFriday")                  
  Python:
    print(holiday(np.arange(2000, 2006), "GoodFriday"))

============================================================
Entity: holiday_1
  Name:  holiday
  Kind:  FunctionCall
  Score: 0.985
  side_effects:        0.985
  executed_ok:       True

  R:
    holiday(2000:2005, GoodFriday) # same (GoodFriday is a function)
  Python:
    print(holiday(np.arange(2000, 2006), GoodFriday))
    
    # Good Friday and Easter

============================================================
Entity: holiday_2
  Name:  holiday
  Kind:  FunctionCall
  Score: 0.992
  side_effects:        0.992
  executed_ok:       True

  R:
    holiday(2000:2005, c("GoodFriday", "Easter"))                  
  Python:
    print(holiday(np.arange(2000, 2006), ["GoodFriday", "Easter"]))

============================================================
Entity: holiday_3
  Name:  holiday
  Kind:  FunctionCall
  Score: 0.992
  side_effects:        0.992
  executed_ok:       True

  R:
    holiday(2000:2005, c(GoodFriday, Easter))                  
  Python:
    print(holiday(np.arange(2000, 2006), [GoodFriday, Easter]))
    
    # Easter

============================================================
Entity: Easter
  Name:  Easter
  Kind:  FunctionCall
  Score: 0.985
  side_effects:        0.985
  executed_ok:       True

  R:
    Easter(2000:2005)
  Python:
    print(Easter(np.arange(2000, 2006)))
    
    # GoodFriday

============================================================
Entity: GoodFriday
  Name:  GoodFriday
  Kind:  FunctionCall
  Score: 0.985
  side_effects:        0.985
  executed_ok:       True

  R:
    GoodFriday(2000:2005)
  Python:
    def GoodFriday(year, value="timeDate", na_drop=True):
        return Easter(year, -2)
    
    def ChristmasDay(year, value="timeDate", na_drop=True):
        years = np.atleast_1d(year)
        res = [f"{int(y)}-12-25" for y in years]
        return np.array(res) if np.ndim(year) > 0 else res[0]
    
    def GBEarlyMayBankHoliday(year, value="timeDate", na_drop=True):
        years = np.atleast_1d(year)
        res = []
        for y in years:
            if y < 1978:
                res.append(np.nan if not na_drop else None)
                continue
            
            if y in [1995, 2020]:
                res.append(f"{int(y)}-05-08")
            else:
                # First Monday of May
                d = datetime(int(y), 5, 1)
                offset = (0 - d.weekday()) % 7
                res.append((d + timedelta(days=offset)).strftime('%Y-%m-%d'))
                
        return np.array(res) if np.ndim(year) > 0 else res[0]
    
    def _get_holiday_func(name):
        mapping = {
            "Easter": Easter,
            "GoodFriday": GoodFriday,
            "ChristmasDay": ChristmasDay,
            "GBEarlyMayBankHoliday": GBEarlyMayBankHoliday
        }
        return mapping.get(name, Easter)
    print(GoodFriday(np.arange(2000, 2006)))

============================================================
Entity: Easter_1
  Name:  Easter
  Kind:  FunctionCall
  Score: 0.985
  side_effects:        0.985
  executed_ok:       True

  R:
    Easter(2000:2005, -2) 
  Python:
    def Easter(year, shift=0):
        years = np.atleast_1d(year)
        # Computus algorithm for Gregorian Easter
        a = years % 19
        b = years // 100
        c = years % 100
        d = b // 4
        e = b % 4
        f = (b + 8) // 25
        g = (b - f + 1) // 3
        h = (19 * a + b - d - g + 15) % 30
        i = c // 4
        k = c % 4
        l = (32 + 2 * e + 2 * i - h - k) % 7
        m = (a + 11 * h + 22 * l) // 451
        
        month = (h + l - 7 * m + 114) // 31
        day = ((h + l - 7 * m + 114) % 31) + 1
        
        dates = [datetime(int(y), int(m), int(d)) for y, m, d in zip(years, month, day)]
        shifted_dates = [d + timedelta(days=shift) for d in dates]
        
        res = [d.strftime('%Y-%m-%d') for d in shifted_dates]
        return np.array(res) if np.ndim(year) > 0 else res[0]
    print(Easter(np.arange(2000, 2006), -2))
    
    # Named holidays

============================================================
Entity: holiday_4
  Name:  holiday
  Kind:  FunctionCall
  Score: 0.853
  side_effects:        0.853
  executed_ok:       True

  R:
    holiday(2025, Holiday = "Easter", names = TRUE)
  Python:
    print(holiday(2025, Holiday="Easter", names=True))

============================================================
Entity: holiday_5
  Name:  holiday
  Kind:  FunctionCall
  Score: 0.853
  side_effects:        0.853
  executed_ok:       True

  R:
    holiday(2025, Holiday = Easter, names = TRUE)
  Python:
    print(holiday(2025, Holiday=Easter, names=True))
    
    # Corrected range from 2024:2006 to 2024:2025

============================================================
Entity: holiday_6
  Name:  holiday
  Kind:  FunctionCall
  Score: 0.914
  side_effects:        0.914
  executed_ok:       True

  R:
    holiday(2024:2025, Holiday = "Easter", names = TRUE)
  Python:
    print(holiday(np.arange(2024, 2026), Holiday="Easter", names=True))

============================================================
Entity: holiday_7
  Name:  holiday
  Kind:  FunctionCall
  Score: 0.914
  side_effects:        0.914
  executed_ok:       True

  R:
    holiday(2024:2025, Holiday = Easter, names = TRUE)
  Python:
    print(holiday(np.arange(2024, 2026), Holiday=Easter, names=True))

============================================================
Entity: holiday_8
  Name:  holiday
  Kind:  FunctionCall
  Score: 0.959
  side_effects:        0.959
  executed_ok:       True

  R:
    holiday(2024:2025, Holiday = c("Easter", "ChristmasDay"), names = TRUE)
  Python:
    print(holiday(np.arange(2024, 2026), Holiday=["Easter", "ChristmasDay"], names=True))

============================================================
Entity: holiday_9
  Name:  holiday
  Kind:  FunctionCall
  Score: 0.959
  side_effects:        0.959
  executed_ok:       True

  R:
    holiday(2024:2025, Holiday = c(Easter, ChristmasDay), names = TRUE)
  Python:
    print(holiday(np.arange(2024, 2026), Holiday=[Easter, ChristmasDay], names=True))

============================================================
Entity: ho1
  Name:  ho1
  Kind:  Constant
  Score: 1.000
  type_match:          1.000
  control_flow_match:  1.000
  data_output:         1.000
  variable_output:     1.000
  executed_ok:       True

  R:
    ho1 <- "Easter"
  Python:
    ho1 = "Easter"

============================================================
Entity: holiday_10
  Name:  holiday
  Kind:  FunctionCall
  Score: 0.853
  side_effects:        0.853
  executed_ok:       True

  R:
    holiday(2025, Holiday = ho1, names = TRUE)
  Python:
    print(holiday(2025, Holiday=ho1, names=True))

============================================================
Entity: ho1a
  Name:  ho1a
  Kind:  Variable
  Score: 1.000
  control_flow_match:  1.000
  executed_ok:       True

  R:
    ho1a <- Easter
  Python:
    ho1a = Easter

============================================================
Entity: ho3
  Name:  ho3
  Kind:  Variable
  Score: 0.250
  type_match:          0.000
  control_flow_match:  1.000
  data_output:         0.000
  variable_output:     0.000
  executed_ok:       True

  R:
    ho3 <- c(Easter, GBEarlyMayBankHoliday)
  Python:
    ho3 = [Easter, GBEarlyMayBankHoliday]

============================================================
Entity: holiday_11
  Name:  holiday
  Kind:  FunctionCall
  Score: 0.765
  side_effects:        0.765
  executed_ok:       True

  R:
    holiday(2025, Holiday = ho1a, names = TRUE)
  Python:
    print(holiday(2025, Holiday=ho1a, names=True))

============================================================
Entity: ho1b
  Name:  ho1b
  Kind:  Variable
  Score: 1.000
  control_flow_match:  1.000
  executed_ok:       True

  R:
    ho1b <- quote(Easter)
  Python:
    ho1b = "Easter"

============================================================
Entity: ho3b
  Name:  ho3b
  Kind:  Variable
  Score: 1.000
  control_flow_match:  1.000
  executed_ok:       True

  R:
    ho3b <- quote(c(Easter, GBEarlyMayBankHoliday))
  Python:
    ho3b = ["Easter", "GBEarlyMayBankHoliday"]

============================================================
Entity: holiday_12
  Name:  holiday
  Kind:  FunctionCall
  Score: 0.853
  side_effects:        0.853
  executed_ok:       True

  R:
    holiday(2025, Holiday = ho1b, names = TRUE)
  Python:
    print(holiday(2025, Holiday=ho1b, names=True))

============================================================
Entity: holiday_13
  Name:  holiday
  Kind:  FunctionCall
  Score: 0.936
  side_effects:        0.936
  executed_ok:       True

  R:
    holiday(2025, Holiday = ho3b, names = TRUE)
  Python:
    print(holiday(2025, Holiday=ho3b, names=True))

============================================================
Entity: holiday_14
  Name:  holiday
  Kind:  FunctionCall
  Score: 0.966
  side_effects:        0.966
  executed_ok:       True

  R:
    holiday(2024:2025, Holiday = ho3b, names = TRUE)
  Python:
    print(holiday(np.arange(2024, 2026), Holiday=ho3b, names=True))

============================================================
Entity: ho2
  Name:  ho2
  Kind:  Variable
  Score: 1.000
  type_match:          1.000
  control_flow_match:  1.000
  data_output:         1.000
  variable_output:     1.000
  executed_ok:       True

  R:
    ho2 <- c("Easter", "GBEarlyMayBankHoliday")
  Python:
    ho2 = ["Easter", "GBEarlyMayBankHoliday"]

============================================================
Entity: holiday_15
  Name:  holiday
  Kind:  FunctionCall
  Score: 0.936
  side_effects:        0.936
  executed_ok:       True

  R:
    holiday(2025, Holiday = ho2, names = TRUE)
  Python:
    print(holiday(2025, Holiday=ho2, names=True))

============================================================
Entity: holiday_16
  Name:  holiday
  Kind:  FunctionCall
  Score: 0.936
  side_effects:        0.936
  executed_ok:       True

  R:
    holiday(Holiday = c(Easter, GBEarlyMayBankHoliday), names = TRUE)
  Python:
    print(holiday(Holiday=[Easter, GBEarlyMayBankHoliday], names=True))

============================================================
Entity: holiday_17
  Name:  holiday
  Kind:  FunctionCall
  Score: 0.966
  side_effects:        0.966
  executed_ok:       True

  R:
    holiday(2024:2025, Holiday = ho2, names = TRUE)
  Python:
    print(holiday(np.arange(2024, 2026), Holiday=ho2, names=True))

============================================================
Entity: holiday_18
  Name:  holiday
  Kind:  FunctionCall
  Score: 0.789
  side_effects:        0.789
  executed_ok:       True

  R:
    holiday(2024:2025, Holiday = ho1a, names = TRUE)
  Python:
    print(holiday(np.arange(2024, 2026), Holiday=ho1a, names=True))

============================================================
Entity: holiday_19
  Name:  holiday
  Kind:  FunctionCall
  Score: 0.914
  side_effects:        0.914
  executed_ok:       True

  R:
    holiday(2024:2025, Holiday = ho1, names = TRUE)
  Python:
    print(holiday(np.arange(2024, 2026), Holiday=ho1, names=True))

============================================================
Entity: holiday_20
  Name:  holiday
  Kind:  FunctionCall
  Score: 0.914
  side_effects:        0.914
  executed_ok:       True

  R:
    holiday(2024:2025, Holiday = c("Easter"), names = TRUE)
  Python:
    print(holiday(np.arange(2024, 2026), Holiday=["Easter"], names=True))

============================================================
Entity: holiday_21
  Name:  holiday
  Kind:  FunctionCall
  Score: 0.914
  side_effects:        0.914
  executed_ok:       True

  R:
    holiday(2024:2025, Holiday = c(Easter), names = TRUE)
  Python:
    def holiday(year=None, Holiday="Easter", names=False):
        if year is None:
            year = datetime.now().year
        
        years = np.atleast_1d(year)
        
        # Mimic R's substitute/all.names for naming
        # This is a simplified version of the R logic
        if isinstance(Holiday, str):
            holiday_funcs = [_get_holiday_func(Holiday)]
            holiday_names = [Holiday]
        elif callable(Holiday):
            holiday_funcs = [Holiday]
            holiday_names = [Holiday.__name__]
        elif isinstance(Holiday, (list, np.ndarray)):
            holiday_funcs = [_get_holiday_func(h) if isinstance(h, str) else h for h in Holiday]
            holiday_names = [h if isinstance(h, str) else (h.__name__ if callable(h) else f"h{i+1}") 
                            for i, h in enumerate(Holiday)]
        else:
            holiday_funcs = [_get_holiday_func(str(Holiday))]
            holiday_names = [str(Holiday)]
    
        all_dates = []
        all_labels = []
        
        for func, name in zip(holiday_funcs, holiday_names):
            vals = func(years)
            # Ensure vals is iterable
            if not isinstance(vals, (list, np.ndarray)):
                vals = [vals]
            
            all_dates.extend(vals)
            if names:
                all_labels.extend([name] * len(vals))
    
        if names:
            return pd.Series(all_dates, index=all_labels)
        return np.array(all_dates)
    
    # --- Example Execution ---
    
    # Dates for GoodFriday from 2000 until 2005:
    print(holiday(np.arange(2024, 2026), Holiday=[Easter], names=True))
