Translation log
Final score: 1.000
Iterations:  0

============================================================
Entity: suppressPackageStartupMessages
  Name:  suppressPackageStartupMessages
  Kind:  FunctionCall
  Score: 1.000
  executed_ok:       True

  R:
    suppressPackageStartupMessages(library(usethis))

============================================================
Entity: import_usethis
  Name:  usethis
  Kind:  LibraryImport
  Score: 1.000
  type_match:          1.000
  control_flow_match:  1.000
  executed_ok:       True

  R:
    suppressPackageStartupMessages(library(usethis))

============================================================
Entity: git_sitrep
  Name:  git_sitrep
  Kind:  FunctionCall
  Score: 1.000
  executed_ok:       True

  R:
    git_sitrep()
  Python:
    def git_sitrep():
        try:
            # Equivalent to checking git status and config
            print("--- Git Status ---")
            subprocess.run(["git", "status"], check=True)
            
            print("\n--- Git User Config ---")
            subprocess.run(["git", "config", "user.name"], check=True)
            subprocess.run(["git", "config", "user.email"], check=True)
        except subprocess.CalledProcessError:
            print("Git is not installed or not configured in this directory.")
    
    git_sitrep()

============================================================
Entity: git_sitrep_1
  Name:  git_sitrep
  Kind:  FunctionCall
  Score: 1.000
  executed_ok:       True

  R:
    git_sitrep("git", "user")
