Translation log
Final score: 1.000
Iterations:  0

============================================================
Entity: suppressPackageStartupMessages
  Name:  suppressPackageStartupMessages
  Kind:  FunctionCall
  Score: 1.000
  executed_ok:       True

  R:
    suppressPackageStartupMessages(library(vctrs))

============================================================
Entity: import_vctrs
  Name:  vctrs
  Kind:  LibraryImport
  Score: 1.000
  type_match:          1.000
  control_flow_match:  1.000
  executed_ok:       True

  R:
    suppressPackageStartupMessages(library(vctrs))

============================================================
Entity: vec_cast
  Name:  vec_cast
  Kind:  FunctionCall
  Score: 1.000
  side_effects:        1.000
  executed_ok:       True

  R:
    vec_cast(c(1.5, 2), integer())
  Python:
    try:
        # np.array([1.5, 2], dtype=int) acts as the equivalent to vec_cast to integer
        np.array([1.5, 2], dtype=int)
    except Exception as e:
        print(e)
