Translation log
Final score: 0.813
Data score:  1.000
Iterations:  1

============================================================
Entity: suppressPackageStartupMessages
  Name:  suppressPackageStartupMessages
  Kind:  FunctionCall
  Score: 1.000
  executed_ok:       True

  R:
    suppressPackageStartupMessages(library(vctrs))

============================================================
Entity: import_vctrs
  Name:  vctrs
  Kind:  LibraryImport
  Score: 1.000
  type_match:          1.000
  control_flow_match:  1.000
  executed_ok:       True

  R:
    suppressPackageStartupMessages(library(vctrs))

============================================================
Entity: x
  Name:  x
  Kind:  Variable
  Score: 1.000
  type_match:          1.000
  control_flow_match:  1.000
  data_output:         1.000
  variable_output:     1.000
  executed_ok:       True

  R:
    x <- c(NA, NA, 1, NA, NA, NA, 3, NA, NA)
  Python:
    x = np.array([np.nan, np.nan, 1, np.nan, np.nan, np.nan, 3, np.nan, np.nan])
    
    # vec_fill_missing(x, direction = "down")

============================================================
Entity: vec_fill_missing
  Name:  vec_fill_missing
  Kind:  FunctionCall
  Score: 0.838
  side_effects:        0.838
  executed_ok:       True

  R:
    vec_fill_missing(x, direction = "down")
  Python:
    def vec_fill_missing(x, direction="down", max_fill=None):
        if isinstance(x, pd.DataFrame):
            # Data frames are filled rowwise. Rows are only considered missing
            # if all elements of that row are missing.
            mask = x.isna().all(axis=1)
            if not mask.any():
                return x
            
            # Create a helper series to track the "row-missing" status
            # We effectively treat the row as a single unit.
            # To implement this in pandas, we can find non-missing rows
            # and use them to fill the missing ones.
            
            # We can use a temporary column or index-based approach
            # but the simplest is to identify indices of non-all-NA rows.
            filled_df = x.copy()
            
            if direction == "down" or direction == "downup":
                # Forward fill rows where all are NA
                # pandas ffill works column-wise, so we use a trick:
                # Use a mask to only fill where the whole row is NA.
                # We can use a dummy series of indices to ffill the row data.
                indices = pd.Series(np.arange(len(x)))
                indices[~mask] = indices[~mask]
                indices[mask] = np.nan
                
                # This is complex in pandas. Simpler: loop or use a mask.
                # Let's use a loop for exact R behavior on rows.
                last_valid_row = None
                for i in range(len(filled_df)):
                    if not mask.iloc[i]:
                        last_valid_row = filled_df.iloc[i]
                    elif last_valid_row is not None:
                        if max_fill is None:
                            filled_df.iloc[i] = last_valid_row
                        else:
                            # Count sequential NAs
                            count = 0
                            for j in range(i - 1, -1, -1):
                                if mask.iloc[j]: count += 1
                                else: break
                            if count < max_fill:
                                filled_df.iloc[i] = last_valid_row
                
                if direction == "downup":
                    # Backward fill remaining all-NA rows
                    next_valid_row = None
                    for i in range(len(filled_df) - 1, -1, -1):
                        if not mask.iloc[i] or not filled_df.iloc[i].isna().all():
                            next_valid_row = filled_df.iloc[i]
                        elif next_valid_row is not None:
                            filled_df.iloc[i] = next_valid_row
            
            return filled_df
    
        else:
            # Handle vector/series
            s = pd.Series(x)
            if direction == "down":
                res = s.ffill(limit=max_fill)
            elif direction == "up":
                res = s.bfill(limit=max_fill)
            elif direction == "downup":
                res = s.ffill(limit=max_fill).bfill(limit=max_fill)
            elif direction == "updown":
                res = s.bfill(limit=max_fill).ffill(limit=max_fill)
            else:
                res = s
            return res.values
    print(vec_fill_missing(x, direction="down"))
    
    # vec_fill_missing(x, direction = "downup")

============================================================
Entity: vec_fill_missing_1
  Name:  vec_fill_missing
  Kind:  FunctionCall
  Score: 0.895
  side_effects:        0.895
  executed_ok:       True

  R:
    vec_fill_missing(x, direction = "downup")
  Python:
    print(vec_fill_missing(x, direction="downup"))
    
    # vec_fill_missing(x, max_fill = 1)

============================================================
Entity: vec_fill_missing_2
  Name:  vec_fill_missing
  Kind:  FunctionCall
  Score: 0.750
  side_effects:        0.750
  executed_ok:       True

  R:
    vec_fill_missing(x, max_fill = 1)
  Python:
    print(vec_fill_missing(x, max_fill=1))

============================================================
Entity: y
  Name:  y
  Kind:  Variable
  Score: 1.000
  type_match:          1.000
  control_flow_match:  1.000
  data_output:         1.000
  variable_output:     1.000
  executed_ok:       True

  R:
    y <- c(1, NA, 2, NA, NA, 3, 4, NA, 5)
  Python:
    y = np.array([1, np.nan, 2, np.nan, np.nan, 3, 4, np.nan, 5])
    
    # df <- data_frame(x = x, y = y)

============================================================
Entity: df
  Name:  df
  Kind:  Variable
  Score: 0.250
  type_match:          0.000
  control_flow_match:  1.000
  data_output:         0.000
  variable_output:     0.000
  executed_ok:       True

  R:
    df <- data_frame(x = x, y = y)
  Python:
    df = pd.DataFrame({'x': x, 'y': y})

============================================================
Entity: df_1
  Name:  df
  Kind:  Variable
  Score: 0.918
  control_flow_match:  1.000
  side_effects:        0.835
  executed_ok:       True

  R:
    df
  Python:
    print(df)
    
    # vec_fill_missing(df)

============================================================
Entity: vec_fill_missing_3
  Name:  vec_fill_missing
  Kind:  FunctionCall
  Score: 0.851
  side_effects:        0.851
  executed_ok:       True

  R:
    vec_fill_missing(df)
  Python:
    print(vec_fill_missing(df))
