Translation log
Final score: 0.914
Data score:  1.000
Iterations:  0

============================================================
Entity: import_xfun
  Name:  xfun
  Kind:  LibraryImport
  Score: 1.000
  type_match:          1.000
  control_flow_match:  1.000
  executed_ok:       True

  R:
    library(xfun)

============================================================
Entity: tojson
  Name:  tojson
  Kind:  FunctionCall
  Score: 1.000
  side_effects:        1.000
  executed_ok:       True

  R:
    tojson(NULL)
  Python:
    def tojson(obj):
        # Custom encoder to handle numpy types and dates
        class CustomEncoder(json.JSONEncoder):
            def default(self, o):
                if isinstance(o, (np.integer, np.floating)):
                    return o.item()
                if isinstance(o, np.ndarray):
                    return o.tolist()
                if isinstance(o, (date)):
                    return o.isoformat()
                return super().default(o)
    
        return json.dumps(obj, cls=CustomEncoder)
    
    print(tojson(None))

============================================================
Entity: tojson_1
  Name:  tojson
  Kind:  FunctionCall
  Score: 1.000
  side_effects:        1.000
  executed_ok:       True

  R:
    tojson(1:10)
  Python:
    print(tojson(list(range(1, 11))))

============================================================
Entity: tojson_2
  Name:  tojson
  Kind:  FunctionCall
  Score: 1.000
  side_effects:        1.000
  executed_ok:       True

  R:
    tojson(TRUE)
  Python:
    print(tojson(True))

============================================================
Entity: tojson_3
  Name:  tojson
  Kind:  FunctionCall
  Score: 1.000
  side_effects:        1.000
  executed_ok:       True

  R:
    tojson(FALSE)
  Python:
    print(tojson(False))

============================================================
Entity: tojson_4
  Name:  tojson
  Kind:  FunctionCall
  Score: 1.000
  side_effects:        1.000
  executed_ok:       True

  R:
    tojson(list(a = 1, b = list(c = 1:3, d = "abc")))
  Python:
    print(tojson({"a": 1, "b": {"c": list(range(1, 4)), "d": "abc"}}))

============================================================
Entity: tojson_5
  Name:  tojson
  Kind:  FunctionCall
  Score: 0.905
  side_effects:        0.905
  executed_ok:       True

  R:
    tojson(list(c("a", "b"), 1:5, TRUE, Sys.Date() + 1:3))
  Python:
    dates = [date.today() + timedelta(days=i) for i in range(1, 4)]
    print(tojson([["a", "b"], list(range(1, 6)), True, dates]))
    
    # iris dataset equivalent using pandas

============================================================
Entity: tojson_6
  Name:  tojson
  Kind:  FunctionCall
  Score: 0.604
  side_effects:        0.604
  executed_ok:       True

  R:
    tojson(head(iris))  # each column is in an element
  Python:
    from sklearn.datasets import load_iris
    iris_data = load_iris()
    df_iris = pd.DataFrame(iris_data.data, columns=iris_data.feature_names)
    df_iris['target'] = iris_data.target
    
    # each column is in an element
    print(tojson(df_iris.head().to_dict())) 
    
    # each row is in an element

============================================================
Entity: tojson_7
  Name:  tojson
  Kind:  FunctionCall
  Score: 0.629
  side_effects:        0.629
  executed_ok:       True

  R:
    tojson(unname(head(iris)))  # each row is in an element
  Python:
    print(tojson(df_iris.head().to_dict(orient='records')))
    
    # matrix

============================================================
Entity: tojson_8
  Name:  tojson
  Kind:  FunctionCall
  Score: 1.000
  side_effects:        1.000
  executed_ok:       True

  R:
    tojson(matrix(1:12, 3))
  Python:
    print(tojson(np.arange(1, 13).reshape(4, 3)))
    
    # Simplified substitute for js() as Python cannot execute raw JS inside JSON strings without a library

============================================================
Entity: tojson_9
  Name:  tojson
  Kind:  FunctionCall
  Score: 1.000
  side_effects:        1.000
  executed_ok:       True

  R:
    tojson(list(a = 1:5, b = js("function() {return true;}")))
  Python:
    print(tojson({"a": list(range(1, 6)), "b": "function() {return true;}"}))
