Translation log
Final score: 0.875
Data score:  0.000
Iterations:  0

============================================================
Entity: suppressPackageStartupMessages
  Name:  suppressPackageStartupMessages
  Kind:  FunctionCall
  Score: 1.000
  executed_ok:       True

  R:
    suppressPackageStartupMessages(library(xfun))

============================================================
Entity: import_xfun
  Name:  xfun
  Kind:  LibraryImport
  Score: 1.000
  type_match:          1.000
  control_flow_match:  1.000
  executed_ok:       True

  R:
    suppressPackageStartupMessages(library(xfun))

============================================================
Entity: f
  Name:  f
  Kind:  Variable
  Score: 0.250
  type_match:          0.000
  control_flow_match:  1.000
  data_output:         0.000
  variable_output:     0.000
  executed_ok:       True

  R:
    f = tempfile()  # the cache file
  Python:
    f = "cache_file.pkl"

============================================================
Entity: compute
  Name:  compute
  Kind:  FunctionDef
  Score: 1.000
  type_match:          1.000
  executed_ok:       True

  R:
    compute = function(...) {
        res = xfun::cache_rds({
            Sys.sleep(1)
            1:10
        }, file = f, dir = "", ...)
        res
    }
  Python:
    def compute(*args, **kwargs):
        # Check if 'rerun' is True in kwargs
        rerun = kwargs.get('rerun', False)
        
        # In xfun::cache_rds, the cache is based on the function arguments.
        # For simplicity, we use a basic pickle cache here.
        if not os.path.exists(f) or rerun:
            # Simulate heavy computation
            time.sleep(1)
            res = list(range(1, 11))
            
            # Save to cache
            with open(f, 'wb') as pickle_file:
                pickle.dump(res, pickle_file)
        else:
            # Load from cache
            with open(f, 'rb') as pickle_file:
                res = pickle.load(pickle_file)
                
        return res
    
    # takes one second

============================================================
Entity: compute_1
  Name:  compute
  Kind:  FunctionCall
  Score: 1.000
  side_effects:        1.000
  executed_ok:       True

  R:
    compute()  # takes one second
  Python:
    print(compute()) 
    # returns [1, ..., 10] immediately

============================================================
Entity: compute_2
  Name:  compute
  Kind:  FunctionCall
  Score: 1.000
  side_effects:        1.000
  executed_ok:       True

  R:
    compute()  # returns 1:10 immediately
  Python:
    print(compute()) 
    # fast again

============================================================
Entity: compute_3
  Name:  compute
  Kind:  FunctionCall
  Score: 1.000
  side_effects:        1.000
  executed_ok:       True

  R:
    compute()  # fast again
  Python:
    print(compute()) 
    # one second to rerun

============================================================
Entity: compute_4
  Name:  compute
  Kind:  FunctionCall
  Score: 1.000
  side_effects:        1.000
  executed_ok:       True

  R:
    compute(rerun = TRUE)  # one second to rerun
  Python:
    print(compute(rerun=True)) 

============================================================
Entity: compute_5
  Name:  compute
  Kind:  FunctionCall
  Score: 1.000
  side_effects:        1.000
  executed_ok:       True

  R:
    compute()
  Python:
    print(compute())
    
    # Clean up

============================================================
Entity: unlink
  Name:  unlink
  Kind:  FunctionCall
  Score: 1.000
  executed_ok:       True

  R:
    unlink(paste0(f, "_*.rds"))
  Python:
    if os.path.exists(f):
        os.remove(f)
