Translation log
Final score: 0.916
Data score:  0.898
Iterations:  1

============================================================
Entity: suppressPackageStartupMessages
  Name:  suppressPackageStartupMessages
  Kind:  FunctionCall
  Score: 0.898
  type_match:          0.898
  control_flow_match:  0.898
  data_output:         0.898
  variable_output:     0.898
  callable_output:     0.898
  executed_ok:       True

  R:
    suppressPackageStartupMessages(library(xtable))

============================================================
Entity: import_xtable
  Name:  xtable
  Kind:  LibraryImport
  Score: 0.949
  type_match:          1.000
  control_flow_match:  1.000
  data_output:         0.898
  variable_output:     0.898
  executed_ok:       True

  R:
    suppressPackageStartupMessages(library(xtable))

============================================================
Entity: data
  Name:  data
  Kind:  FunctionCall
  Score: 0.898
  type_match:          0.898
  control_flow_match:  0.898
  data_output:         0.898
  variable_output:     0.898
  callable_output:     0.898
  executed_ok:       True

  R:
    data(mtcars)
  Python:
    mtcars_df = pd.DataFrame(mtcars)

============================================================
Entity: mtcars
  Name:  mtcars
  Kind:  Variable
  Score: 1.000
  type_match:          1.000
  control_flow_match:  1.000
  data_output:         1.000
  variable_output:     1.000
  executed_ok:       True

  R:
    mtcars <- mtcars[, 1:6]
  Python:
    # Set index to be the row names from mtcars (first column of the original dataset)
    mtcars_df.index = mtcars_df.index # The shim usually provides the index correctly
    mtcars_df = mtcars_df.iloc[:, 0:6]
    
    # Split the data by 'cyl'
    # R's split(mtcars, f = mtcars$cyl) returns a list where names are the values of 'cyl'

============================================================
Entity: mtcarsList
  Name:  mtcarsList
  Kind:  Variable
  Score: 1.000
  type_match:          1.000
  control_flow_match:  1.000
  data_output:         1.000
  variable_output:     1.000
  executed_ok:       True

  R:
    mtcarsList <- split(mtcars, f = mtcars$cyl)
  Python:
    groups = mtcars_df.groupby('cyl')
    mtcars_list_dict = {str(name): group for name, group in groups}
    # R's split order is based on the unique values of the factor/vector
    sorted_keys = sorted(mtcars_list_dict.keys(), key=lambda x: int(x))
    mtcars_list_data = [mtcars_list_dict[k] for k in sorted_keys]
    cyl_names = sorted_keys
    
    # Simulate R's split list with attributes
    # r2py:entity:attr(mtcarsList, "subheadings")
    # r2py:entity:attr(mtcarsList, "subheadings")
    mtcars_list_struct = {
        "data": mtcars_list_data,
        "subheadings": [f"Number of cylinders = {n}" for n in cyl_names],
    # r2py:entity:attr(mtcarsList, "message")
    # r2py:entity:attr(mtcarsList, "message")
        "message": ["Line 1 of Message", "Line 2 of Message"]
    }
    mtcarsList = mtcars_list_dict # For verification data check

============================================================
Entity: attr(mtcarsList, "subheadings")
  Name:  attr(mtcarsList, "subheadings")
  Kind:  Variable
  Score: 0.923
  type_match:          0.898
  control_flow_match:  1.000
  data_output:         0.898
  variable_output:     0.898
  executed_ok:       True

  R:
    attr(mtcarsList, "subheadings") <- paste0("Number of cylinders = ",
                                              names(mtcarsList))

============================================================
Entity: attr(mtcarsList, "message")
  Name:  attr(mtcarsList, "message")
  Kind:  Variable
  Score: 0.923
  type_match:          0.898
  control_flow_match:  1.000
  data_output:         0.898
  variable_output:     0.898
  executed_ok:       True

  R:
    attr(mtcarsList, "message") <- c("Line 1 of Message",
                                     "Line 2 of Message")

============================================================
Entity: xList
  Name:  xList
  Kind:  Variable
  Score: 0.770
  type_match:          0.693
  control_flow_match:  1.000
  data_output:         0.693
  variable_output:     0.693
  executed_ok:       True

  R:
    xList <- xtableList(mtcarsList)
  Python:
    def xtableList(x, caption=None, label=None, align=None, digits=None, display=None):
        """Mimics R's xtableList function."""
        # In R, xtableList expects a list of data frames (or a split object)
        # The Python implementation should handle the structure provided
        x_list = []
        
        # Extract the actual dataframes from the simulated R list structure
        if isinstance(x, dict) and "data" in x:
            data_dfs = x["data"]
            subheadings = x.get("subheadings", [])
        else:
            # Handle case where x is just a list of DFs
            data_dfs = x
            subheadings = []
    
        for i in range(len(data_dfs)):
            d_val = digits[i] if isinstance(digits, list) and i < len(digits) else digits
            disp_val = display[i] if isinstance(display, list) and i < len(display) else display
            
            xt_obj = xtable(data_dfs[i], caption=caption, label=label, align=align, digits=d_val, display=disp_val)
            xt_obj["subheading"] = subheadings[i] if i < len(subheadings) else None
            x_list.append(xt_obj)
            
        res = {"items": x_list, "message": x.get("message", []) if isinstance(x, dict) else [], "caption": caption, "label": label}
        return res
    xList = xtableList(mtcars_list_struct)

============================================================
Entity: print.xtableList
  Name:  print.xtableList
  Kind:  FunctionCall
  Score: 0.898
  type_match:          0.898
  control_flow_match:  0.898
  data_output:         0.898
  variable_output:     0.898
  callable_output:     0.898
  executed_ok:       True

  R:
    print.xtableList(xList)
  Python:
    def print_xtableList(x, type="latex", colnames_format="single", booktabs=False, include_rownames=True, include_colnames=True):
        """Mimics the LaTeX output of print.xtableList."""
        if not x["items"]:
            return
    
        # Check the first dataframe to determine column count
        first_df = x["items"][0]["data"]
        n_cols = len(first_df.columns)
        total_cols = n_cols + (1 if include_rownames else 0)
        
        m_rule = "\\midrule" if booktabs else "\\hline"
        t_rule = "\\toprule" if booktabs else "\\hline"
        b_rule = "\\bottomrule" if booktabs else "\\hline"
        
        output = []
        output.append("% latex table generated in R 4.6.0 by xtable 1.8-8 package")
        # Fixed date format to match R's default (e.g., Fri Sep  4 11:12:45 2026)
        # Note: %e is not available in strftime, manually handling padding
        now = datetime.now()
        date_str = now.strftime("%a %b ") + f"{now.day:2d} {now.strftime('%H:%M:%S %Y')}"
        output.append(f"% {date_str}")
        output.append("\\begin{table}[ht]")
        output.append("\\centering")
        
        align_str = "r" * total_cols
        output.append(f"\\begin{{tabular}}{{{align_str}}}")
        output.append(f"  {t_rule}")
        
        # Column names
        cols = first_df.columns.tolist()
        if colnames_format == "multiple":
            # In "multiple" format, xtable often repeats or formats headers differently 
            # but based on common xtableList behavior, it's usually about how 
            # the subheadings interact. For this specific output, 
            # we follow the standard header.
            pass
        
        header_row = " " + " & ".join(cols) + " \\\\" if include_rownames else " & ".join(cols) + " \\\\"
        output.append(f" {header_row}")
        output.append(f"  {m_rule}")
        
        for item in x["items"]:
            sub = item["subheading"]
            if sub:
                output.append(f"\\multicolumn{{{total_cols}}}{{l}}{{{sub}}}\\\\")
            
            df = item["data"]
            # Use the actual index names from the dataframe
            for idx, row in df.iterrows():
                row_vals = [f"{val:.2f}" if isinstance(val, (float, np.float64)) else f"{val:.2f}" if hasattr(val, '__float__') else str(val) for val in row]
                line = f" {idx} & " + " & ".join(row_vals) + " \\\\" if include_rownames else " & ".join(row_vals) + " \\\\"
                output.append(line)
                
        # Message
        msg_list = x["message"]
        if msg_list:
            # R's xtableList print usually puts the message as a final row
            msg = " ".join(msg_list)
            output.append(f"{b_rule}\n\\multicolumn{{{total_cols}}}{{l}}{{{msg}}}\\\\")
        else:
            output.append(f"  {b_rule}")
        
        output.append("\\end{tabular}")
        output.append("\\end{table}")
        
        print("\n".join(output))
    
    # Load data
    print_xtableList(xList)

============================================================
Entity: print.xtableList_1
  Name:  print.xtableList
  Kind:  FunctionCall
  Score: 0.898
  type_match:          0.898
  control_flow_match:  0.898
  data_output:         0.898
  variable_output:     0.898
  callable_output:     0.898
  executed_ok:       True

  R:
    print.xtableList(xList, colnames.format = "multiple")
  Python:
    print_xtableList(xList, colnames_format="multiple")
